Archive member included because of file (symbol)

/usr/local/gcc-arm-none-eabi-4_9-2015q3/bin/../lib/gcc/arm-none-eabi/4.9.3/../../../../arm-none-eabi/lib/armv7e-m/fpu/libc_nano.a(lib_a-exit.o)
                              /usr/local/gcc-arm-none-eabi-4_9-2015q3/bin/../lib/gcc/arm-none-eabi/4.9.3/../../../../arm-none-eabi/lib/armv7e-m/fpu/crt0.o (exit)
/usr/local/gcc-arm-none-eabi-4_9-2015q3/bin/../lib/gcc/arm-none-eabi/4.9.3/../../../../arm-none-eabi/lib/armv7e-m/fpu/libc_nano.a(lib_a-impure.o)
                              /usr/local/gcc-arm-none-eabi-4_9-2015q3/bin/../lib/gcc/arm-none-eabi/4.9.3/../../../../arm-none-eabi/lib/armv7e-m/fpu/libc_nano.a(lib_a-exit.o) (_global_impure_ptr)
/usr/local/gcc-arm-none-eabi-4_9-2015q3/bin/../lib/gcc/arm-none-eabi/4.9.3/../../../../arm-none-eabi/lib/armv7e-m/fpu/libc_nano.a(lib_a-init.o)
                              /usr/local/gcc-arm-none-eabi-4_9-2015q3/bin/../lib/gcc/arm-none-eabi/4.9.3/../../../../arm-none-eabi/lib/armv7e-m/fpu/crt0.o (__libc_init_array)
/usr/local/gcc-arm-none-eabi-4_9-2015q3/bin/../lib/gcc/arm-none-eabi/4.9.3/../../../../arm-none-eabi/lib/armv7e-m/fpu/libc_nano.a(lib_a-memset.o)
                              /usr/local/gcc-arm-none-eabi-4_9-2015q3/bin/../lib/gcc/arm-none-eabi/4.9.3/../../../../arm-none-eabi/lib/armv7e-m/fpu/crt0.o (memset)
/usr/local/gcc-arm-none-eabi-4_9-2015q3/bin/../lib/gcc/arm-none-eabi/4.9.3/../../../../arm-none-eabi/lib/armv7e-m/fpu/libnosys.a(_exit.o)
                              /usr/local/gcc-arm-none-eabi-4_9-2015q3/bin/../lib/gcc/arm-none-eabi/4.9.3/../../../../arm-none-eabi/lib/armv7e-m/fpu/libc_nano.a(lib_a-exit.o) (_exit)
/usr/local/gcc-arm-none-eabi-4_9-2015q3/bin/../lib/gcc/arm-none-eabi/4.9.3/armv7e-m/fpu/libgcc.a(_aeabi_ldivmod.o)
                              _build/nrf52832_xxaa_bme280.c.o (__aeabi_ldivmod)
/usr/local/gcc-arm-none-eabi-4_9-2015q3/bin/../lib/gcc/arm-none-eabi/4.9.3/armv7e-m/fpu/libgcc.a(bpabi.o)
                              /usr/local/gcc-arm-none-eabi-4_9-2015q3/bin/../lib/gcc/arm-none-eabi/4.9.3/armv7e-m/fpu/libgcc.a(_aeabi_ldivmod.o) (__gnu_ldivmod_helper)
/usr/local/gcc-arm-none-eabi-4_9-2015q3/bin/../lib/gcc/arm-none-eabi/4.9.3/armv7e-m/fpu/libgcc.a(_dvmd_tls.o)
                              /usr/local/gcc-arm-none-eabi-4_9-2015q3/bin/../lib/gcc/arm-none-eabi/4.9.3/armv7e-m/fpu/libgcc.a(_aeabi_ldivmod.o) (__aeabi_ldiv0)
/usr/local/gcc-arm-none-eabi-4_9-2015q3/bin/../lib/gcc/arm-none-eabi/4.9.3/armv7e-m/fpu/libgcc.a(_divdi3.o)
                              /usr/local/gcc-arm-none-eabi-4_9-2015q3/bin/../lib/gcc/arm-none-eabi/4.9.3/armv7e-m/fpu/libgcc.a(bpabi.o) (__divdi3)
/usr/local/gcc-arm-none-eabi-4_9-2015q3/bin/../lib/gcc/arm-none-eabi/4.9.3/armv7e-m/fpu/libgcc.a(_udivdi3.o)
                              /usr/local/gcc-arm-none-eabi-4_9-2015q3/bin/../lib/gcc/arm-none-eabi/4.9.3/armv7e-m/fpu/libgcc.a(bpabi.o) (__udivdi3)
/usr/local/gcc-arm-none-eabi-4_9-2015q3/bin/../lib/gcc/arm-none-eabi/4.9.3/../../../../arm-none-eabi/lib/armv7e-m/fpu/libc_nano.a(lib_a-ctype_.o)
                              _build/nrf52832_xxaa_nrf_log_backend_serial.c.o (__ctype_ptr__)
/usr/local/gcc-arm-none-eabi-4_9-2015q3/bin/../lib/gcc/arm-none-eabi/4.9.3/../../../../arm-none-eabi/lib/armv7e-m/fpu/libc_nano.a(lib_a-memcmp.o)
                              _build/nrf52832_xxaa_id_manager.c.o (memcmp)
/usr/local/gcc-arm-none-eabi-4_9-2015q3/bin/../lib/gcc/arm-none-eabi/4.9.3/../../../../arm-none-eabi/lib/armv7e-m/fpu/libc_nano.a(lib_a-memcpy.o)
                              _build/nrf52832_xxaa_nrf_log_backend_serial.c.o (memcpy)
/usr/local/gcc-arm-none-eabi-4_9-2015q3/bin/../lib/gcc/arm-none-eabi/4.9.3/../../../../arm-none-eabi/lib/armv7e-m/fpu/libc_nano.a(lib_a-snprintf.o)
                              _build/nrf52832_xxaa_nrf_log_backend_serial.c.o (snprintf)
/usr/local/gcc-arm-none-eabi-4_9-2015q3/bin/../lib/gcc/arm-none-eabi/4.9.3/../../../../arm-none-eabi/lib/armv7e-m/fpu/libc_nano.a(lib_a-strcpy.o)
                              _build/nrf52832_xxaa_SEGGER_RTT.c.o (strcpy)
/usr/local/gcc-arm-none-eabi-4_9-2015q3/bin/../lib/gcc/arm-none-eabi/4.9.3/../../../../arm-none-eabi/lib/armv7e-m/fpu/libc_nano.a(lib_a-strlen.o)
                              _build/nrf52832_xxaa_nrf_log_backend_serial.c.o (strlen)
/usr/local/gcc-arm-none-eabi-4_9-2015q3/bin/../lib/gcc/arm-none-eabi/4.9.3/../../../../arm-none-eabi/lib/armv7e-m/fpu/libc_nano.a(lib_a-nano-svfprintf.o)
                              /usr/local/gcc-arm-none-eabi-4_9-2015q3/bin/../lib/gcc/arm-none-eabi/4.9.3/../../../../arm-none-eabi/lib/armv7e-m/fpu/libc_nano.a(lib_a-snprintf.o) (_svfprintf_r)
/usr/local/gcc-arm-none-eabi-4_9-2015q3/bin/../lib/gcc/arm-none-eabi/4.9.3/../../../../arm-none-eabi/lib/armv7e-m/fpu/libc_nano.a(lib_a-nano-vfprintf_i.o)
                              /usr/local/gcc-arm-none-eabi-4_9-2015q3/bin/../lib/gcc/arm-none-eabi/4.9.3/../../../../arm-none-eabi/lib/armv7e-m/fpu/libc_nano.a(lib_a-nano-svfprintf.o) (_printf_i)
[...]
Memory Configuration

Name             Origin             Length             Attributes
FLASH            0x0001f000         0x00061000         xr
RAM              0x20002c40         0x0000d3c0         xrw
*default*        0x00000000         0xffffffff

Linker script and memory map


.text           0x0001f000     0x6ea0
 *(.isr_vector)
 .isr_vector    0x0001f000      0x400 _build/nrf52832_xxaa_gcc_startup_nrf52.S.o
                0x0001f000                __isr_vector
 *(.text*)
 .text          0x0001f400       0x5c /usr/local/gcc-arm-none-eabi-4_9-2015q3/bin/../lib/gcc/arm-none-eabi/4.9.3/armv7e-m/fpu/crtbegin.o
 .text          0x0001f45c       0x74 /usr/local/gcc-arm-none-eabi-4_9-2015q3/bin/../lib/gcc/arm-none-eabi/4.9.3/../../../../arm-none-eabi/lib/armv7e-m/fpu/crt0.o
                0x0001f45c                _mainCRTStartup
                0x0001f45c                _start
 .text.exit     0x0001f4d0       0x28 /usr/local/gcc-arm-none-eabi-4_9-2015q3/bin/../lib/gcc/arm-none-eabi/4.9.3/../../../../arm-none-eabi/lib/armv7e-m/fpu/libc_nano.a(lib_a-exit.o)
                0x0001f4d0                exit
 .text.__libc_init_array
                0x0001f4f8       0x4c /usr/local/gcc-arm-none-eabi-4_9-2015q3/bin/../lib/gcc/arm-none-eabi/4.9.3/../../../../arm-none-eabi/lib/armv7e-m/fpu/libc_nano.a(lib_a-init.o)
                0x0001f4f8                __libc_init_array
 .text.memset   0x0001f544       0x10 /usr/local/gcc-arm-none-eabi-4_9-2015q3/bin/../lib/gcc/arm-none-eabi/4.9.3/../../../../arm-none-eabi/lib/armv7e-m/fpu/libc_nano.a(lib_a-memset.o)
                0x0001f544                memset
 .text._exit    0x0001f554        0x4 /usr/local/gcc-arm-none-eabi-4_9-2015q3/bin/../lib/gcc/arm-none-eabi/4.9.3/../../../../arm-none-eabi/lib/armv7e-m/fpu/libnosys.a(_exit.o)
                0x0001f554                _exit
 .text.bme280_init
                0x0001f558      0x494 _build/nrf52832_xxaa_bme280.c.o
                0x0001f558                bme280_init
 .text.bme280_set_mode
                0x0001f9ec       0x98 _build/nrf52832_xxaa_bme280.c.o
                0x0001f9ec                bme280_set_mode
 .text.bme280_set_interval
                0x0001fa84       0x58 _build/nrf52832_xxaa_bme280.c.o
                0x0001fa84                bme280_set_interval
 .text.bme280_set_oversampling_hum
                0x0001fadc       0x60 _build/nrf52832_xxaa_bme280.c.o
                0x0001fadc                bme280_set_oversampling_hum
 .text.bme280_set_oversampling_temp
                0x0001fb3c       0x84 _build/nrf52832_xxaa_bme280.c.o
                0x0001fb3c                bme280_set_oversampling_temp
 .text.bme280_set_oversampling_press
                0x0001fbc0       0x84 _build/nrf52832_xxaa_bme280.c.o
                0x0001fbc0                bme280_set_oversampling_press
 .text.bme280_set_iir
                0x0001fc44       0x54 _build/nrf52832_xxaa_bme280.c.o
                0x0001fc44                bme280_set_iir
 .text.bme280_read_measurements
                0x0001fc98       0x70 _build/nrf52832_xxaa_bme280.c.o
                0x0001fc98                bme280_read_measurements
 .text.bme280_get_temperature
                0x0001fd08       0x40 _build/nrf52832_xxaa_bme280.c.o
                0x0001fd08                bme280_get_temperature
 .text.bme280_get_pressure
                0x0001fd48      0x1ec _build/nrf52832_xxaa_bme280.c.o
                0x0001fd48                bme280_get_pressure
 .text.bme280_get_humidity
                0x0001ff34       0x84 _build/nrf52832_xxaa_bme280.c.o
                0x0001ff34                bme280_get_humidity
 .text.spi_event_handler
                0x0001ffb8        0xc _build/nrf52832_xxaa_spi.c.o
                0x0001ffb8                spi_event_handler
 .text.spi_init
                0x0001ffc4       0x6c _build/nrf52832_xxaa_spi.c.o
                0x0001ffc4                spi_init
 .text.spi_isInitialized
                0x00020030        0xc _build/nrf52832_xxaa_spi.c.o
                0x00020030                spi_isInitialized
 .text.spi_transfer_bme280
                0x0002003c       0x64 _build/nrf52832_xxaa_spi.c.o
                0x0002003c                spi_transfer_bme280
 .text.nrf_drv_spi_init
                0x000200a0      0x124 _build/nrf52832_xxaa_nrf_drv_spi.c.o
                0x000200a0                nrf_drv_spi_init
 .text.nrf_drv_spi_transfer
                0x000201c4       0xe8 _build/nrf52832_xxaa_nrf_drv_spi.c.o
                0x000201c4                nrf_drv_spi_transfer
 .text.SPIM0_SPIS0_TWIM0_TWIS0_SPI0_TWI0_IRQHandler
                0x000202ac       0x50 _build/nrf52832_xxaa_nrf_drv_spi.c.o
                0x000202ac                SPIM0_SPIS0_TWIM0_TWIS0_SPI0_TWI0_IRQHandler
 .text.SPIM1_SPIS1_TWIM1_TWIS1_SPI1_TWI1_IRQHandler
                0x000202fc       0x54 _build/nrf52832_xxaa_nrf_drv_spi.c.o
                0x000202fc                SPIM1_SPIS1_TWIM1_TWIS1_SPI1_TWI1_IRQHandler
 .text.SPIM2_SPIS2_SPI2_IRQHandler
                0x00020350       0x54 _build/nrf52832_xxaa_nrf_drv_spi.c.o
                0x00020350                SPIM2_SPIS2_SPI2_IRQHandler
 .text.SAADC_IRQHandler
                0x000203a4      0x1c4 _build/nrf52832_xxaa_nrf_drv_saadc.c.o
                0x000203a4                SAADC_IRQHandler
 .text.uart_event_handler
                0x00020568       0x10 _build/nrf52832_xxaa_nrf_log_backend_serial.c.o
 .text.nrf_log_backend_serial_hexdump_handler
                0x00020578      0x25c _build/nrf52832_xxaa_nrf_log_backend_serial.c.o
 .text.nrf_log_backend_serial_std_handler
                0x000207d4      0x184 _build/nrf52832_xxaa_nrf_log_backend_serial.c.o
 .text.nrf_log_backend_init
                0x00020958       0x80 _build/nrf52832_xxaa_nrf_log_backend_serial.c.o
                0x00020958                nrf_log_backend_init
 .text.nrf_log_backend_std_handler_get
                0x000209d8        0x8 _build/nrf52832_xxaa_nrf_log_backend_serial.c.o
                0x000209d8                nrf_log_backend_std_handler_get
 .text.nrf_log_backend_hexdump_handler_get
                0x000209e0        0x8 _build/nrf52832_xxaa_nrf_log_backend_serial.c.o
                0x000209e0                nrf_log_backend_hexdump_handler_get
 .text.nrf_log_init
                0x000209e8       0x30 _build/nrf52832_xxaa_nrf_log_frontend.c.o
                0x000209e8                nrf_log_init
 .text.nrf_log_blocking_backend_set
                0x00020a18        0x8 _build/nrf52832_xxaa_nrf_log_frontend.c.o
                0x00020a18                nrf_log_blocking_backend_set
 .text.nrf_log_frontend_std_0
                0x00020a20       0xb0 _build/nrf52832_xxaa_nrf_log_frontend.c.o
                0x00020a20                nrf_log_frontend_std_0
 .text.nrf_log_frontend_std_1
                0x00020ad0       0xcc _build/nrf52832_xxaa_nrf_log_frontend.c.o
                0x00020ad0                nrf_log_frontend_std_1
 .text.nrf_log_frontend_dequeue
                0x00020b9c      0x13c _build/nrf52832_xxaa_nrf_log_frontend.c.o
                0x00020b9c                nrf_log_frontend_dequeue
 .text.detection_delay_timeout_handler
                0x00020cd8       0xa4 _build/nrf52832_xxaa_app_button.c.o
 .text.gpiote_event_handler
                0x00020d7c       0x5c _build/nrf52832_xxaa_app_button.c.o
 .text.app_button_init
                0x00020dd8       0xb0 _build/nrf52832_xxaa_app_button.c.o
                0x00020dd8                app_button_init
 .text.app_button_enable
                0x00020e88       0x2c _build/nrf52832_xxaa_app_button.c.o
                0x00020e88                app_button_enable
 .text.app_error_handler_bare
                0x00020eb4       0x20 _build/nrf52832_xxaa_app_error.c.o
                0x00020eb4                app_error_handler_bare
 .text.app_error_fault_handler
                0x00020ed4       0x3c _build/nrf52832_xxaa_app_error_weak.c.o
                0x00020ed4                app_error_fault_handler
 .text.RTC1_IRQHandler
                0x00020f10       0xc4 _build/nrf52832_xxaa_app_timer.c.o
                0x00020f10                RTC1_IRQHandler
 .text.SWI0_EGU0_IRQHandler
                0x00020fd4      0x5c0 _build/nrf52832_xxaa_app_timer.c.o
                0x00020fd4                SWI0_EGU0_IRQHandler
 .text.app_timer_init
                0x00021594      0x1c8 _build/nrf52832_xxaa_app_timer.c.o
                0x00021594                app_timer_init
 .text.app_timer_create
                0x0002175c       0x24 _build/nrf52832_xxaa_app_timer.c.o
                0x0002175c                app_timer_create
 .text.app_timer_start
                0x00021780       0xb0 _build/nrf52832_xxaa_app_timer.c.o
                0x00021780                app_timer_start
 .text.app_timer_stop
                0x00021830       0x7c _build/nrf52832_xxaa_app_timer.c.o
                0x00021830                app_timer_stop
 .text.app_util_critical_region_enter
                0x000218ac       0x50 _build/nrf52832_xxaa_app_util_platform.c.o
                0x000218ac                app_util_critical_region_enter
 .text.app_util_critical_region_exit
                0x000218fc       0x30 _build/nrf52832_xxaa_app_util_platform.c.o
                0x000218fc                app_util_critical_region_exit
 .text.record_find_by_desc
                0x0002192c       0xd4 _build/nrf52832_xxaa_fds.c.o
 .text.queue_process
                0x00021a00      0xa18 _build/nrf52832_xxaa_fds.c.o
 .text.fs_event_handler
                0x00022418        0x8 _build/nrf52832_xxaa_fds.c.o
 .text.sd_flash_write
                0x00022420        0x4 _build/nrf52832_xxaa_fstorage.c.o
 .text.sd_flash_page_erase
                0x00022424        0x4 _build/nrf52832_xxaa_fstorage.c.o
 .text.unlikely.queue_get_next_free
                0x00022428       0x38 _build/nrf52832_xxaa_fstorage.c.o
 .text.unlikely.queue_start
                0x00022460       0xdc _build/nrf52832_xxaa_fstorage.c.o
 .text.fs_store
                0x0002253c       0x94 _build/nrf52832_xxaa_fstorage.c.o
                0x0002253c                fs_store
 .text.fs_erase
                0x000225d0       0x90 _build/nrf52832_xxaa_fstorage.c.o
                0x000225d0                fs_erase
 .text.bsp_board_led_state_get
                0x00022660       0x1c _build/nrf52832_xxaa_boards.c.o
                0x00022660                bsp_board_led_state_get
 .text.bsp_board_led_on
                0x0002267c       0x18 _build/nrf52832_xxaa_boards.c.o
                0x0002267c                bsp_board_led_on
 .text.bsp_board_led_off
                0x00022694       0x18 _build/nrf52832_xxaa_boards.c.o
                0x00022694                bsp_board_led_off
 .text.bsp_board_leds_off
                0x000226ac       0x2c _build/nrf52832_xxaa_boards.c.o
                0x000226ac                bsp_board_leds_off
 .text.bsp_board_leds_on
                0x000226d8       0x2c _build/nrf52832_xxaa_boards.c.o
                0x000226d8                bsp_board_leds_on
 .text.bsp_board_led_invert
                0x00022704       0x24 _build/nrf52832_xxaa_boards.c.o
                0x00022704                bsp_board_led_invert
 .text.bsp_board_leds_init
                0x00022728       0x3c _build/nrf52832_xxaa_boards.c.o
                0x00022728                bsp_board_leds_init
 .text.bsp_board_pin_to_button_idx
                0x00022764       0x24 _build/nrf52832_xxaa_boards.c.o
                0x00022764                bsp_board_pin_to_button_idx
 .text.POWER_CLOCK_IRQHandler
                0x00022788       0x84 _build/nrf52832_xxaa_nrf_drv_clock.c.o
                0x00022788                POWER_CLOCK_IRQHandler
 .text.nrf_drv_clock_on_soc_event
                0x0002280c       0x24 _build/nrf52832_xxaa_nrf_drv_clock.c.o
                0x0002280c                nrf_drv_clock_on_soc_event
 .text.nrf_drv_clock_on_sd_enable
                0x00022830       0x64 _build/nrf52832_xxaa_nrf_drv_clock.c.o
                0x00022830                nrf_drv_clock_on_sd_enable
 .text.nrf_drv_common_irq_enable
                0x00022894       0x50 _build/nrf52832_xxaa_nrf_drv_common.c.o
                0x00022894                nrf_drv_common_irq_enable
 .text.nrf_drv_gpiote_init
                0x000228e4       0x84 _build/nrf52832_xxaa_nrf_drv_gpiote.c.o
                0x000228e4                nrf_drv_gpiote_init
 .text.nrf_drv_gpiote_is_init
                0x00022968       0x14 _build/nrf52832_xxaa_nrf_drv_gpiote.c.o
                0x00022968                nrf_drv_gpiote_is_init
 .text.nrf_drv_gpiote_in_init
                0x0002297c      0x194 _build/nrf52832_xxaa_nrf_drv_gpiote.c.o
                0x0002297c                nrf_drv_gpiote_in_init
 .text.nrf_drv_gpiote_in_event_enable
                0x00022b10       0xc4 _build/nrf52832_xxaa_nrf_drv_gpiote.c.o
                0x00022b10                nrf_drv_gpiote_in_event_enable
 .text.nrf_drv_gpiote_in_is_set
                0x00022bd4       0x14 _build/nrf52832_xxaa_nrf_drv_gpiote.c.o
                0x00022bd4                nrf_drv_gpiote_in_is_set
 .text.GPIOTE_IRQHandler
                0x00022be8      0x2c8 _build/nrf52832_xxaa_nrf_drv_gpiote.c.o
                0x00022be8                GPIOTE_IRQHandler
 .text.nrf_drv_uart_init
                0x00022eb0      0x1dc _build/nrf52832_xxaa_nrf_drv_uart.c.o
                0x00022eb0                nrf_drv_uart_init
 .text.nrf_drv_uart_uninit
                0x0002308c      0x10c _build/nrf52832_xxaa_nrf_drv_uart.c.o
                0x0002308c                nrf_drv_uart_uninit
 .text.nrf_drv_uart_tx
                0x00023198      0x174 _build/nrf52832_xxaa_nrf_drv_uart.c.o
                0x00023198                nrf_drv_uart_tx
 .text.nrf_drv_uart_tx_in_progress
                0x0002330c       0x18 _build/nrf52832_xxaa_nrf_drv_uart.c.o
                0x0002330c                nrf_drv_uart_tx_in_progress
 .text.UARTE0_UART0_IRQHandler
                0x00023324      0x2fc _build/nrf52832_xxaa_nrf_drv_uart.c.o
                0x00023324                UARTE0_UART0_IRQHandler
 .text.alert_timer_handler
                0x00023620        0x8 _build/nrf52832_xxaa_bsp.c.o
 .text.bsp_button_event_handler
                0x00023628       0xb0 _build/nrf52832_xxaa_bsp.c.o
 .text.leds_timer_handler
                0x000236d8      0x21c _build/nrf52832_xxaa_bsp.c.o
 .text.button_timer_handler
                0x000238f4       0x30 _build/nrf52832_xxaa_bsp.c.o
 .text.bsp_indication_set
                0x00023924      0x278 _build/nrf52832_xxaa_bsp.c.o
                0x00023924                bsp_indication_set
 .text.bsp_init
                0x00023b9c       0xb8 _build/nrf52832_xxaa_bsp.c.o
                0x00023b9c                bsp_init
 .text.sd_app_evt_wait
                0x00023c54        0x4 _build/nrf52832_xxaa_main.c.o
 .text.sd_ble_gap_adv_start
                0x00023c58        0x4 _build/nrf52832_xxaa_main.c.o
 .text.bme280_handler
                0x00023c5c       0xb8 _build/nrf52832_xxaa_main.c.o
                0x00023c5c                bme280_handler
 .text.startup.main
                0x00023d14      0x140 _build/nrf52832_xxaa_main.c.o
                0x00023d14                main
 .text.sd_ble_gap_addr_get
                0x00023e54        0x4 _build/nrf52832_xxaa_ble_advdata.c.o
 .text.sd_ble_gap_adv_data_set
                0x00023e58        0x4 _build/nrf52832_xxaa_ble_advdata.c.o
 .text.sd_ble_gap_appearance_get
                0x00023e5c        0x4 _build/nrf52832_xxaa_ble_advdata.c.o
 .text.sd_ble_gap_device_name_get
                0x00023e60        0x4 _build/nrf52832_xxaa_ble_advdata.c.o
 .text.sd_ble_uuid_encode
                0x00023e64        0x4 _build/nrf52832_xxaa_ble_advdata.c.o
 .text.name_encode
                0x00023e68       0x90 _build/nrf52832_xxaa_ble_advdata.c.o
 .text.uuid_list_sized_encode
                0x00023ef8       0xc0 _build/nrf52832_xxaa_ble_advdata.c.o
 .text.adv_data_encode
                0x00023fb8      0x37c _build/nrf52832_xxaa_ble_advdata.c.o
                0x00023fb8                adv_data_encode
 .text.ble_advdata_set
                0x00024334      0x460 _build/nrf52832_xxaa_ble_advdata.c.o
                0x00024334                ble_advdata_set
 .text          0x00024794       0x3c _build/nrf52832_xxaa_gcc_startup_nrf52.S.o
                0x00024794                Reset_Handler
                0x000247bc                NMI_Handler
                0x000247be                HardFault_Handler
                0x000247c0                MemoryManagement_Handler
                0x000247c2                BusFault_Handler
                0x000247c4                UsageFault_Handler
                0x000247c6                SVC_Handler
                0x000247c8                DebugMon_Handler
                0x000247ca                PendSV_Handler
                0x000247cc                SysTick_Handler
                0x000247ce                TIMER2_IRQHandler
                0x000247ce                RTC0_IRQHandler
                0x000247ce                PWM1_IRQHandler
                0x000247ce                RADIO_IRQHandler
                0x000247ce                PDM_IRQHandler
                0x000247ce                TEMP_IRQHandler
                0x000247ce                QDEC_IRQHandler
                0x000247ce                TIMER3_IRQHandler
                0x000247ce                FPU_IRQHandler
                0x000247ce                TIMER4_IRQHandler
                0x000247ce                I2S_IRQHandler
                0x000247ce                SWI4_EGU4_IRQHandler
                0x000247ce                TIMER0_IRQHandler
                0x000247ce                TIMER1_IRQHandler
                0x000247ce                PWM2_IRQHandler
                0x000247ce                ECB_IRQHandler
                0x000247ce                Default_Handler
                0x000247ce                CCM_AAR_IRQHandler
                0x000247ce                WDT_IRQHandler
                0x000247ce                SWI5_EGU5_IRQHandler
                0x000247ce                RNG_IRQHandler
                0x000247ce                RTC2_IRQHandler
                0x000247ce                PWM0_IRQHandler
                0x000247ce                SWI3_EGU3_IRQHandler
                0x000247ce                SWI1_EGU1_IRQHandler
                0x000247ce                NFCT_IRQHandler
                0x000247ce                MWU_IRQHandler
                0x000247ce                COMP_LPCOMP_IRQHandler
 .text.SystemInit
                0x000247d0      0x2e8 _build/nrf52832_xxaa_system_nrf52.c.o
                0x000247d0                SystemInit
 .text.sd_evt_get
                0x00024ab8        0x4 _build/nrf52832_xxaa_softdevice_handler.c.o
 .text.sd_softdevice_enable
                0x00024abc        0x4 _build/nrf52832_xxaa_softdevice_handler.c.o
 .text.sd_ble_enable
                0x00024ac0        0x4 _build/nrf52832_xxaa_softdevice_handler.c.o
 .text.sd_ble_evt_get
                0x00024ac4        0x4 _build/nrf52832_xxaa_softdevice_handler.c.o
 .text.softdevice_fault_handler
                0x00024ac8        0x4 _build/nrf52832_xxaa_softdevice_handler.c.o
                0x00024ac8                softdevice_fault_handler
 .text.intern_softdevice_events_execute.part.2
                0x00024acc       0xb8 _build/nrf52832_xxaa_softdevice_handler.c.o
 .text.softdevice_handler_is_enabled
                0x00024b84        0xc _build/nrf52832_xxaa_softdevice_handler.c.o
                0x00024b84                softdevice_handler_is_enabled
 .text.softdevice_handler_init
                0x00024b90       0x98 _build/nrf52832_xxaa_softdevice_handler.c.o
                0x00024b90                softdevice_handler_init
 .text.SWI2_EGU2_IRQHandler
                0x00024c28       0x30 _build/nrf52832_xxaa_softdevice_handler.c.o
                0x00024c28                SWI2_EGU2_IRQHandler
 .text.softdevice_enable_get_default_config
                0x00024c58       0x30 _build/nrf52832_xxaa_softdevice_handler.c.o
                0x00024c58                softdevice_enable_get_default_config
 .text.softdevice_enable
                0x00024c88       0x70 _build/nrf52832_xxaa_softdevice_handler.c.o
                0x00024c88                softdevice_enable
 .text          0x00024cf8       0x38 /usr/local/gcc-arm-none-eabi-4_9-2015q3/bin/../lib/gcc/arm-none-eabi/4.9.3/armv7e-m/fpu/libgcc.a(_aeabi_ldivmod.o)
                0x00024cf8                __aeabi_ldivmod
 .text          0x00024d30       0x60 /usr/local/gcc-arm-none-eabi-4_9-2015q3/bin/../lib/gcc/arm-none-eabi/4.9.3/armv7e-m/fpu/libgcc.a(bpabi.o)
                0x00024d30                __gnu_ldivmod_helper
                0x00024d60                __gnu_uldivmod_helper
 .text          0x00024d90        0x4 /usr/local/gcc-arm-none-eabi-4_9-2015q3/bin/../lib/gcc/arm-none-eabi/4.9.3/armv7e-m/fpu/libgcc.a(_dvmd_tls.o)
                0x00024d90                __aeabi_ldiv0
                0x00024d90                __aeabi_idiv0
 .text          0x00024d94      0x29c /usr/local/gcc-arm-none-eabi-4_9-2015q3/bin/../lib/gcc/arm-none-eabi/4.9.3/armv7e-m/fpu/libgcc.a(_divdi3.o)
                0x00024d94                __divdi3
 .text          0x00025030      0x26c /usr/local/gcc-arm-none-eabi-4_9-2015q3/bin/../lib/gcc/arm-none-eabi/4.9.3/armv7e-m/fpu/libgcc.a(_udivdi3.o)
                0x00025030                __udivdi3
 .text.memcpy   0x0002529c       0x16 /usr/local/gcc-arm-none-eabi-4_9-2015q3/bin/../lib/gcc/arm-none-eabi/4.9.3/../../../../arm-none-eabi/lib/armv7e-m/fpu/libc_nano.a(lib_a-memcpy.o)
                0x0002529c                memcpy
 *fill*         0x000252b2        0x2 
 .text.snprintf
                0x000252b4       0x64 /usr/local/gcc-arm-none-eabi-4_9-2015q3/bin/../lib/gcc/arm-none-eabi/4.9.3/../../../../arm-none-eabi/lib/armv7e-m/fpu/libc_nano.a(lib_a-snprintf.o)
                0x000252b4                snprintf
                0x000252b4                sniprintf
 .text.strlen   0x00025318       0x10 /usr/local/gcc-arm-none-eabi-4_9-2015q3/bin/../lib/gcc/arm-none-eabi/4.9.3/../../../../arm-none-eabi/lib/armv7e-m/fpu/libc_nano.a(lib_a-strlen.o)
                0x00025318                strlen
 .text.__ssputs_r
                0x00025328       0xb2 /usr/local/gcc-arm-none-eabi-4_9-2015q3/bin/../lib/gcc/arm-none-eabi/4.9.3/../../../../arm-none-eabi/lib/armv7e-m/fpu/libc_nano.a(lib_a-nano-svfprintf.o)
                0x00025328                __ssputs_r
 *fill*         0x000253da        0x2 
 .text._svfprintf_r
                0x000253dc      0x1e4 /usr/local/gcc-arm-none-eabi-4_9-2015q3/bin/../lib/gcc/arm-none-eabi/4.9.3/../../../../arm-none-eabi/lib/armv7e-m/fpu/libc_nano.a(lib_a-nano-svfprintf.o)
                0x000253dc                _svfprintf_r
                0x000253dc                _svfiprintf_r
 .text._printf_common
                0x000255c0       0xea /usr/local/gcc-arm-none-eabi-4_9-2015q3/bin/../lib/gcc/arm-none-eabi/4.9.3/../../../../arm-none-eabi/lib/armv7e-m/fpu/libc_nano.a(lib_a-nano-vfprintf_i.o)
                0x000255c0                _printf_common
 *fill*         0x000256aa        0x2 
 .text._printf_i
                0x000256ac      0x240 /usr/local/gcc-arm-none-eabi-4_9-2015q3/bin/../lib/gcc/arm-none-eabi/4.9.3/../../../../arm-none-eabi/lib/armv7e-m/fpu/libc_nano.a(lib_a-nano-vfprintf_i.o)
                0x000256ac                _printf_i
 .text.memchr   0x000258ec       0x1e /usr/local/gcc-arm-none-eabi-4_9-2015q3/bin/../lib/gcc/arm-none-eabi/4.9.3/../../../../arm-none-eabi/lib/armv7e-m/fpu/libc_nano.a(lib_a-memchr.o)
                0x000258ec                memchr
 .text.memmove  0x0002590a       0x36 /usr/local/gcc-arm-none-eabi-4_9-2015q3/bin/../lib/gcc/arm-none-eabi/4.9.3/../../../../arm-none-eabi/lib/armv7e-m/fpu/libc_nano.a(lib_a-memmove.o)
                0x0002590a                memmove
 .text._free_r  0x00025940       0x88 /usr/local/gcc-arm-none-eabi-4_9-2015q3/bin/../lib/gcc/arm-none-eabi/4.9.3/../../../../arm-none-eabi/lib/armv7e-m/fpu/libc_nano.a(lib_a-nano-freer.o)
                0x00025940                _free_r
 .text._malloc_r
                0x000259c8       0xac /usr/local/gcc-arm-none-eabi-4_9-2015q3/bin/../lib/gcc/arm-none-eabi/4.9.3/../../../../arm-none-eabi/lib/armv7e-m/fpu/libc_nano.a(lib_a-nano-mallocr.o)
                0x000259c8                _malloc_r
 .text._realloc_r
                0x00025a74       0x4c /usr/local/gcc-arm-none-eabi-4_9-2015q3/bin/../lib/gcc/arm-none-eabi/4.9.3/../../../../arm-none-eabi/lib/armv7e-m/fpu/libc_nano.a(lib_a-nano-reallocr.o)
                0x00025a74                _realloc_r
 .text._sbrk_r  0x00025ac0       0x20 /usr/local/gcc-arm-none-eabi-4_9-2015q3/bin/../lib/gcc/arm-none-eabi/4.9.3/../../../../arm-none-eabi/lib/armv7e-m/fpu/libc_nano.a(lib_a-sbrkr.o)
                0x00025ac0                _sbrk_r
 .text._malloc_usable_size_r
                0x00025ae0       0x14 /usr/local/gcc-arm-none-eabi-4_9-2015q3/bin/../lib/gcc/arm-none-eabi/4.9.3/../../../../arm-none-eabi/lib/armv7e-m/fpu/libc_nano.a(lib_a-nano-msizer.o)
                0x00025ae0                _malloc_usable_size_r
 .text._sbrk    0x00025af4       0x1c /usr/local/gcc-arm-none-eabi-4_9-2015q3/bin/../lib/gcc/arm-none-eabi/4.9.3/../../../../arm-none-eabi/lib/armv7e-m/fpu/libnosys.a(sbrk.o)
                0x00025af4                _sbrk
 *(.init)
 .init          0x00025b10        0x4 /usr/local/gcc-arm-none-eabi-4_9-2015q3/bin/../lib/gcc/arm-none-eabi/4.9.3/armv7e-m/fpu/crti.o
                0x00025b10                _init
 .init          0x00025b14        0x8 /usr/local/gcc-arm-none-eabi-4_9-2015q3/bin/../lib/gcc/arm-none-eabi/4.9.3/armv7e-m/fpu/crtn.o
 *(.fini)
 .fini          0x00025b1c        0x4 /usr/local/gcc-arm-none-eabi-4_9-2015q3/bin/../lib/gcc/arm-none-eabi/4.9.3/armv7e-m/fpu/crti.o
                0x00025b1c                _fini
 .fini          0x00025b20        0x8 /usr/local/gcc-arm-none-eabi-4_9-2015q3/bin/../lib/gcc/arm-none-eabi/4.9.3/armv7e-m/fpu/crtn.o
 *crtbegin.o(.ctors)
 *crtbegin?.o(.ctors)
 *(EXCLUDE_FILE(*crtend.o *crtend?.o) .ctors)
 *(SORT(.ctors.*))
 *(.ctors)
 *crtbegin.o(.dtors)
 *crtbegin?.o(.dtors)
 *(EXCLUDE_FILE(*crtend.o *crtend?.o) .dtors)
 *(SORT(.dtors.*))
 *(.dtors)
 *(.rodata*)
 .rodata.str1.1
                0x00025b28        0x2 /usr/local/gcc-arm-none-eabi-4_9-2015q3/bin/../lib/gcc/arm-none-eabi/4.9.3/../../../../arm-none-eabi/lib/armv7e-m/fpu/libc_nano.a(lib_a-impure.o)
 *fill*         0x00025b2a        0x2 
 .rodata._global_impure_ptr
                0x00025b2c        0x4 /usr/local/gcc-arm-none-eabi-4_9-2015q3/bin/../lib/gcc/arm-none-eabi/4.9.3/../../../../arm-none-eabi/lib/armv7e-m/fpu/libc_nano.a(lib_a-impure.o)
                0x00025b2c                _global_impure_ptr
 .rodata        0x00025b30       0x10 _build/nrf52832_xxaa_spi.c.o
 .rodata.spi    0x00025b40        0x8 _build/nrf52832_xxaa_spi.c.o
 .rodata        0x00025b48       0x20 _build/nrf52832_xxaa_nrf_log_backend_serial.c.o
 .rodata.str1.4
                0x00025b68        0x7 _build/nrf52832_xxaa_nrf_log_backend_serial.c.o
 *fill*         0x00025b6f        0x1 
 .rodata.str1.4
                0x00025b70        0xb _build/nrf52832_xxaa_nrf_log_frontend.c.o
 *fill*         0x00025b7b        0x1 
 .rodata.m_detection_delay_timer_id
                0x00025b7c        0x4 _build/nrf52832_xxaa_app_button.c.o
 .rodata.str1.4
                0x00025b80       0x18 _build/nrf52832_xxaa_app_error_weak.c.o
 .rodata.m_fds_tl_dirty
                0x00025b98        0x4 _build/nrf52832_xxaa_fds.c.o
 .rodata.page_tag_swap.7590
                0x00025b9c        0x8 _build/nrf52832_xxaa_fds.c.o
 .rodata.page_tag_data.7594
                0x00025ba4        0x8 _build/nrf52832_xxaa_fds.c.o
 .rodata.m_board_led_list
                0x00025bac        0x4 _build/nrf52832_xxaa_boards.c.o
 .rodata.m_button_timer_id
                0x00025bb0        0x4 _build/nrf52832_xxaa_bsp.c.o
 .rodata.m_leds_timer_id
                0x00025bb4        0x4 _build/nrf52832_xxaa_bsp.c.o
 .rodata.app_buttons
                0x00025bb8       0x20 _build/nrf52832_xxaa_bsp.c.o
 .rodata.m_alert_timer_id
                0x00025bd8        0x4 _build/nrf52832_xxaa_bsp.c.o
 .rodata        0x00025bdc        0x4 _build/nrf52832_xxaa_main.c.o
 .rodata.str1.4
                0x00025be0       0x72 _build/nrf52832_xxaa_main.c.o
 *fill*         0x00025c52        0x2 
 .rodata.str1.4
                0x00025c54      0x114 _build/nrf52832_xxaa_softdevice_handler.c.o
                                0x112 (size before relaxing)
 .rodata._ctype_
                0x00025d68      0x101 /usr/local/gcc-arm-none-eabi-4_9-2015q3/bin/../lib/gcc/arm-none-eabi/4.9.3/../../../../arm-none-eabi/lib/armv7e-m/fpu/libc_nano.a(lib_a-ctype_.o)
                0x00025d68                _ctype_
 .rodata.str1.1
                0x00025e69       0x11 /usr/local/gcc-arm-none-eabi-4_9-2015q3/bin/../lib/gcc/arm-none-eabi/4.9.3/../../../../arm-none-eabi/lib/armv7e-m/fpu/libc_nano.a(lib_a-nano-svfprintf.o)
 .rodata.str1.1
                0x00025e7a       0x22 /usr/local/gcc-arm-none-eabi-4_9-2015q3/bin/../lib/gcc/arm-none-eabi/4.9.3/../../../../arm-none-eabi/lib/armv7e-m/fpu/libc_nano.a(lib_a-nano-vfprintf_i.o)
 *(.eh_frame*)
 .eh_frame      0x00025e9c        0x0 /usr/local/gcc-arm-none-eabi-4_9-2015q3/bin/../lib/gcc/arm-none-eabi/4.9.3/armv7e-m/fpu/crtbegin.o
 .eh_frame      0x00025e9c        0x4 /usr/local/gcc-arm-none-eabi-4_9-2015q3/bin/../lib/gcc/arm-none-eabi/4.9.3/armv7e-m/fpu/crtend.o

.glue_7         0x00025ea0        0x0
 .glue_7        0x00000000        0x0 linker stubs

.glue_7t        0x00025ea0        0x0
 .glue_7t       0x00000000        0x0 linker stubs

.vfp11_veneer   0x00025ea0        0x0
 .vfp11_veneer  0x00000000        0x0 linker stubs

.v4_bx          0x00025ea0        0x0
 .v4_bx         0x00000000        0x0 linker stubs

.iplt           0x00025ea0        0x0
 .iplt          0x00000000        0x0 /usr/local/gcc-arm-none-eabi-4_9-2015q3/bin/../lib/gcc/arm-none-eabi/4.9.3/armv7e-m/fpu/crtbegin.o

.ARM.extab
 *(.ARM.extab* .gnu.linkonce.armextab.*)
                0x00025ea0                __exidx_start = .

.ARM.exidx      0x00025ea0        0x8
 *(.ARM.exidx* .gnu.linkonce.armexidx.*)
 .ARM.exidx     0x00025ea0        0x8 /usr/local/gcc-arm-none-eabi-4_9-2015q3/bin/../lib/gcc/arm-none-eabi/4.9.3/../../../../arm-none-eabi/lib/armv7e-m/fpu/crt0.o
 .ARM.exidx     0x00025ea8        0x0 /usr/local/gcc-arm-none-eabi-4_9-2015q3/bin/../lib/gcc/arm-none-eabi/4.9.3/armv7e-m/fpu/libgcc.a(_divdi3.o)
                                  0x8 (size before relaxing)
 .ARM.exidx     0x00025ea8        0x0 /usr/local/gcc-arm-none-eabi-4_9-2015q3/bin/../lib/gcc/arm-none-eabi/4.9.3/armv7e-m/fpu/libgcc.a(_udivdi3.o)
                                  0x8 (size before relaxing)
                0x00025ea8                __exidx_end = .
                0x00025ea8                __etext = .

.rel.dyn        0x00025ea8        0x0
 .rel.iplt      0x00000000        0x0 /usr/local/gcc-arm-none-eabi-4_9-2015q3/bin/../lib/gcc/arm-none-eabi/4.9.3/armv7e-m/fpu/crtbegin.o

.data           0x20002c40       0x84 load address 0x00025ea8
                0x20002c40                __data_start__ = .
 *(vtable)
 *(.data*)
 .data.impure_data
                0x20002c40       0x60 /usr/local/gcc-arm-none-eabi-4_9-2015q3/bin/../lib/gcc/arm-none-eabi/4.9.3/../../../../arm-none-eabi/lib/armv7e-m/fpu/libc_nano.a(lib_a-impure.o)
 .data._impure_ptr
                0x20002ca0        0x4 /usr/local/gcc-arm-none-eabi-4_9-2015q3/bin/../lib/gcc/arm-none-eabi/4.9.3/../../../../arm-none-eabi/lib/armv7e-m/fpu/libc_nano.a(lib_a-impure.o)
                0x20002ca0                _impure_ptr
 .data.current_interval
                0x20002ca4        0x1 _build/nrf52832_xxaa_bme280.c.o
 *fill*         0x20002ca5        0x3 
 .data.m_uart   0x20002ca8        0x8 _build/nrf52832_xxaa_nrf_log_backend_serial.c.o
 .data.SystemCoreClock
                0x20002cb0        0x4 _build/nrf52832_xxaa_system_nrf52.c.o
                0x20002cb0                SystemCoreClock
 .data.__ctype_ptr__
                0x20002cb4        0x4 /usr/local/gcc-arm-none-eabi-4_9-2015q3/bin/../lib/gcc/arm-none-eabi/4.9.3/../../../../arm-none-eabi/lib/armv7e-m/fpu/libc_nano.a(lib_a-ctype_.o)
                0x20002cb4                __ctype_ptr__
                0x20002cb8                . = ALIGN (0x4)
                0x20002cb8                PROVIDE (__preinit_array_start, .)
 *(.preinit_array)
                0x20002cb8                PROVIDE (__preinit_array_end, .)
                0x20002cb8                . = ALIGN (0x4)
                0x20002cb8                PROVIDE (__init_array_start, .)
 *(SORT(.init_array.*))
 *(.init_array)
 .init_array    0x20002cb8        0x4 /usr/local/gcc-arm-none-eabi-4_9-2015q3/bin/../lib/gcc/arm-none-eabi/4.9.3/armv7e-m/fpu/crtbegin.o
                0x20002cbc                PROVIDE (__init_array_end, .)
                0x20002cbc                . = ALIGN (0x4)
                0x20002cbc                PROVIDE (__fini_array_start, .)
 *(SORT(.fini_array.*))
 *(.fini_array)
 .fini_array    0x20002cbc        0x4 /usr/local/gcc-arm-none-eabi-4_9-2015q3/bin/../lib/gcc/arm-none-eabi/4.9.3/armv7e-m/fpu/crtbegin.o
                0x20002cc0                PROVIDE (__fini_array_end, .)
 *(.jcr*)
 .jcr           0x20002cc0        0x0 /usr/local/gcc-arm-none-eabi-4_9-2015q3/bin/../lib/gcc/arm-none-eabi/4.9.3/armv7e-m/fpu/crtbegin.o
 .jcr           0x20002cc0        0x4 /usr/local/gcc-arm-none-eabi-4_9-2015q3/bin/../lib/gcc/arm-none-eabi/4.9.3/armv7e-m/fpu/crtend.o
                0x20002cc4                . = ALIGN (0x4)
                0x20002cc4                __data_end__ = .
LOAD /usr/local/gcc-arm-none-eabi-4_9-2015q3/bin/../lib/gcc/arm-none-eabi/4.9.3/armv7e-m/fpu/crti.o
LOAD /usr/local/gcc-arm-none-eabi-4_9-2015q3/bin/../lib/gcc/arm-none-eabi/4.9.3/armv7e-m/fpu/crtbegin.o
LOAD /usr/local/gcc-arm-none-eabi-4_9-2015q3/bin/../lib/gcc/arm-none-eabi/4.9.3/../../../../arm-none-eabi/lib/armv7e-m/fpu/crt0.o
LOAD /usr/local/gcc-arm-none-eabi-4_9-2015q3/bin/../lib/gcc/arm-none-eabi/4.9.3/../../../../arm-none-eabi/lib/armv7e-m/fpu/libc_nano.a
LOAD /usr/local/gcc-arm-none-eabi-4_9-2015q3/bin/../lib/gcc/arm-none-eabi/4.9.3/../../../../arm-none-eabi/lib/armv7e-m/fpu/libnosys.a
LOAD _build/nrf52832_xxaa_bme280.c.o
LOAD _build/nrf52832_xxaa_spi.c.o
LOAD _build/nrf52832_xxaa_battery.c.o
LOAD _build/nrf52832_xxaa_nrf_drv_spi.c.o
LOAD _build/nrf52832_xxaa_es_battery_voltage_saadc.c.o
LOAD _build/nrf52832_xxaa_nrf_saadc.c.o
LOAD _build/nrf52832_xxaa_nrf_drv_saadc.c.o
LOAD _build/nrf52832_xxaa_nrf_log_backend_serial.c.o
LOAD _build/nrf52832_xxaa_nrf_log_frontend.c.o
LOAD _build/nrf52832_xxaa_app_button.c.o
LOAD _build/nrf52832_xxaa_app_error.c.o
LOAD _build/nrf52832_xxaa_app_error_weak.c.o
LOAD _build/nrf52832_xxaa_app_timer.c.o
LOAD _build/nrf52832_xxaa_app_util_platform.c.o
LOAD _build/nrf52832_xxaa_crc16.c.o
LOAD _build/nrf52832_xxaa_fds.c.o
LOAD _build/nrf52832_xxaa_fstorage.c.o
LOAD _build/nrf52832_xxaa_hardfault_implementation.c.o
LOAD _build/nrf52832_xxaa_nrf_assert.c.o
LOAD _build/nrf52832_xxaa_sdk_errors.c.o
LOAD _build/nrf52832_xxaa_sdk_mapped_flags.c.o
LOAD _build/nrf52832_xxaa_boards.c.o
LOAD _build/nrf52832_xxaa_nrf_drv_clock.c.o
LOAD _build/nrf52832_xxaa_nrf_drv_common.c.o
LOAD _build/nrf52832_xxaa_nrf_drv_gpiote.c.o
LOAD _build/nrf52832_xxaa_nrf_drv_uart.c.o
LOAD _build/nrf52832_xxaa_bsp.c.o
LOAD _build/nrf52832_xxaa_bsp_btn_ble.c.o
LOAD _build/nrf52832_xxaa_bsp_nfc.c.o
LOAD _build/nrf52832_xxaa_main.c.o
LOAD _build/nrf52832_xxaa_RTT_Syscalls_GCC.c.o
LOAD _build/nrf52832_xxaa_SEGGER_RTT.c.o
LOAD _build/nrf52832_xxaa_SEGGER_RTT_printf.c.o
LOAD _build/nrf52832_xxaa_ble_advdata.c.o
LOAD _build/nrf52832_xxaa_ble_advertising.c.o
LOAD _build/nrf52832_xxaa_ble_conn_params.c.o
LOAD _build/nrf52832_xxaa_ble_conn_state.c.o
LOAD _build/nrf52832_xxaa_ble_db_discovery.c.o
LOAD _build/nrf52832_xxaa_ble_srv_common.c.o
LOAD _build/nrf52832_xxaa_gatt_cache_manager.c.o
LOAD _build/nrf52832_xxaa_gatts_cache_manager.c.o
LOAD _build/nrf52832_xxaa_id_manager.c.o
LOAD _build/nrf52832_xxaa_nrf_ble_gatt.c.o
LOAD _build/nrf52832_xxaa_peer_data.c.o
LOAD _build/nrf52832_xxaa_peer_data_storage.c.o
LOAD _build/nrf52832_xxaa_peer_database.c.o
LOAD _build/nrf52832_xxaa_peer_id.c.o
LOAD _build/nrf52832_xxaa_peer_manager.c.o
LOAD _build/nrf52832_xxaa_pm_buffer.c.o
LOAD _build/nrf52832_xxaa_pm_mutex.c.o
LOAD _build/nrf52832_xxaa_security_dispatcher.c.o
LOAD _build/nrf52832_xxaa_security_manager.c.o
LOAD _build/nrf52832_xxaa_gcc_startup_nrf52.S.o
LOAD _build/nrf52832_xxaa_system_nrf52.c.o
LOAD _build/nrf52832_xxaa_softdevice_handler.c.o
LOAD /usr/local/gcc-arm-none-eabi-4_9-2015q3/bin/../lib/gcc/arm-none-eabi/4.9.3/../../../../arm-none-eabi/lib/armv7e-m/fpu/libm.a
START GROUP
LOAD /usr/local/gcc-arm-none-eabi-4_9-2015q3/bin/../lib/gcc/arm-none-eabi/4.9.3/armv7e-m/fpu/libgcc.a
LOAD /usr/local/gcc-arm-none-eabi-4_9-2015q3/bin/../lib/gcc/arm-none-eabi/4.9.3/../../../../arm-none-eabi/lib/armv7e-m/fpu/libc_nano.a
END GROUP
START GROUP
LOAD /usr/local/gcc-arm-none-eabi-4_9-2015q3/bin/../lib/gcc/arm-none-eabi/4.9.3/armv7e-m/fpu/libgcc.a
LOAD /usr/local/gcc-arm-none-eabi-4_9-2015q3/bin/../lib/gcc/arm-none-eabi/4.9.3/../../../../arm-none-eabi/lib/armv7e-m/fpu/libc_nano.a
END GROUP
LOAD /usr/local/gcc-arm-none-eabi-4_9-2015q3/bin/../lib/gcc/arm-none-eabi/4.9.3/armv7e-m/fpu/crtend.o
LOAD /usr/local/gcc-arm-none-eabi-4_9-2015q3/bin/../lib/gcc/arm-none-eabi/4.9.3/armv7e-m/fpu/crtn.o
START GROUP
LOAD /usr/local/gcc-arm-none-eabi-4_9-2015q3/bin/../lib/gcc/arm-none-eabi/4.9.3/armv7e-m/fpu/libgcc.a
LOAD /usr/local/gcc-arm-none-eabi-4_9-2015q3/bin/../lib/gcc/arm-none-eabi/4.9.3/../../../../arm-none-eabi/lib/armv7e-m/fpu/libc.a
LOAD /usr/local/gcc-arm-none-eabi-4_9-2015q3/bin/../lib/gcc/arm-none-eabi/4.9.3/../../../../arm-none-eabi/lib/armv7e-m/fpu/libnosys.a
END GROUP

.igot.plt       0x20002cc4        0x0 load address 0x00025f2c
 .igot.plt      0x00000000        0x0 /usr/local/gcc-arm-none-eabi-4_9-2015q3/bin/../lib/gcc/arm-none-eabi/4.9.3/armv7e-m/fpu/crtbegin.o

.fs_data        0x20002cc4       0x10 load address 0x00025f2c
                0x20002cc4                PROVIDE (__start_fs_data, .)
 *(.fs_data)
 .fs_data       0x20002cc4       0x10 _build/nrf52832_xxaa_fds.c.o
                0x20002cd4                PROVIDE (__stop_fs_data, .)

.pwr_mgmt_data  0x20002cd4        0x0
                0x20002cd4                PROVIDE (__start_pwr_mgmt_data, .)
 *(.pwr_mgmt_data)
                0x20002cd4                PROVIDE (__stop_pwr_mgmt_data, .)

.bss            0x20002cd8      0xa24 load address 0x00025f40
                0x20002cd8                . = ALIGN (0x4)
                0x20002cd8                __bss_start__ = .
 *(.bss*)
 .bss           0x20002cd8       0x1c /usr/local/gcc-arm-none-eabi-4_9-2015q3/bin/../lib/gcc/arm-none-eabi/4.9.3/armv7e-m/fpu/crtbegin.o
 .bss.initDone  0x20002cf4        0x1 _build/nrf52832_xxaa_spi.c.o
 *fill*         0x20002cf5        0x3 
 .bss.m_cb      0x20002cf8       0x60 _build/nrf52832_xxaa_nrf_drv_spi.c.o
 .bss.m_cb      0x20002d58       0x30 _build/nrf52832_xxaa_nrf_drv_saadc.c.o
 .bss.m_uart_buffer
                0x20002d88      0x100 _build/nrf52832_xxaa_nrf_log_backend_serial.c.o
 .bss.m_rx_done
                0x20002e88        0x1 _build/nrf52832_xxaa_nrf_log_backend_serial.c.o
 .bss.m_blocking_mode
                0x20002e89        0x1 _build/nrf52832_xxaa_nrf_log_backend_serial.c.o
 .bss.m_initialized
                0x20002e8a        0x1 _build/nrf52832_xxaa_nrf_log_backend_serial.c.o
 *fill*         0x20002e8b        0x1 
 .bss.m_log_data
                0x20002e8c      0x418 _build/nrf52832_xxaa_nrf_log_frontend.c.o
 .bss.m_detection_delay
                0x200032a4        0x4 _build/nrf52832_xxaa_app_button.c.o
 .bss.mp_buttons
                0x200032a8        0x4 _build/nrf52832_xxaa_app_button.c.o
 .bss.m_button_count
                0x200032ac        0x1 _build/nrf52832_xxaa_app_button.c.o
 *fill*         0x200032ad        0x3 
 .bss.m_detection_delay_timer_id_data
                0x200032b0       0x20 _build/nrf52832_xxaa_app_button.c.o
 .bss.m_pin_state
                0x200032d0        0x4 _build/nrf52832_xxaa_app_button.c.o
 .bss.m_pin_transition
                0x200032d4        0x4 _build/nrf52832_xxaa_app_button.c.o
 .bss.m_ticks_latest
                0x200032d8        0x4 _build/nrf52832_xxaa_app_timer.c.o
 .bss.mp_timer_id_head
                0x200032dc        0x4 _build/nrf52832_xxaa_app_timer.c.o
 .bss.m_evt_schedule_func
                0x200032e0        0x4 _build/nrf52832_xxaa_app_timer.c.o
 .bss.m_ticks_elapsed_q_read_ind
                0x200032e4        0x1 _build/nrf52832_xxaa_app_timer.c.o
 .bss.m_ticks_elapsed_q_write_ind
                0x200032e5        0x1 _build/nrf52832_xxaa_app_timer.c.o
 .bss.m_rtc1_reset
                0x200032e6        0x1 _build/nrf52832_xxaa_app_timer.c.o
 *fill*         0x200032e7        0x1 
 .bss.m_op_queue
                0x200032e8        0x8 _build/nrf52832_xxaa_app_timer.c.o
 .bss.m_ticks_elapsed
                0x200032f0        0x8 _build/nrf52832_xxaa_app_timer.c.o
 .bss.m_rtc1_running
                0x200032f8        0x1 _build/nrf52832_xxaa_app_timer.c.o
 *fill*         0x200032f9        0x3 
 .bss.m_chunk_queue
                0x200032fc       0x48 _build/nrf52832_xxaa_fds.c.o
 .bss.page.7824
                0x20003344        0x2 _build/nrf52832_xxaa_fds.c.o
 *fill*         0x20003346        0x2 
 .bss.desc.7823
                0x20003348        0xc _build/nrf52832_xxaa_fds.c.o
 .bss.m_pages   0x20003354       0x20 _build/nrf52832_xxaa_fds.c.o
 .bss.m_gc      0x20003374       0x10 _build/nrf52832_xxaa_fds.c.o
 .bss.m_op_queue
                0x20003384       0x78 _build/nrf52832_xxaa_fds.c.o
 .bss.m_swap_page
                0x200033fc        0x8 _build/nrf52832_xxaa_fds.c.o
 .bss.tok.7729  0x20003404        0x8 _build/nrf52832_xxaa_fds.c.o
 .bss.m_flags   0x2000340c        0x1 _build/nrf52832_xxaa_fds.c.o
 *fill*         0x2000340d        0x3 
 .bss.m_cb_table
                0x20003410       0x20 _build/nrf52832_xxaa_fds.c.o
 .bss.m_flags   0x20003430        0x1 _build/nrf52832_xxaa_fstorage.c.o
 *fill*         0x20003431        0x3 
 .bss.m_queue   0x20003434       0x68 _build/nrf52832_xxaa_fstorage.c.o
 .bss.m_clock_cb
                0x2000349c       0x14 _build/nrf52832_xxaa_nrf_drv_clock.c.o
 .bss.m_cb      0x200034b0       0x58 _build/nrf52832_xxaa_nrf_drv_gpiote.c.o
 .bss.m_cb      0x20003508       0x20 _build/nrf52832_xxaa_nrf_drv_uart.c.o
 .bss.current_long_push_pin_no.7312
                0x20003528        0x1 _build/nrf52832_xxaa_bsp.c.o
 *fill*         0x20003529        0x3 
 .bss.m_indication_type
                0x2000352c        0x4 _build/nrf52832_xxaa_bsp.c.o
 .bss.m_leds_timer_id_data
                0x20003530       0x20 _build/nrf52832_xxaa_bsp.c.o
 .bss.release_event_at_push.7313
                0x20003550        0x4 _build/nrf52832_xxaa_bsp.c.o
 .bss.m_leds_clear
                0x20003554        0x1 _build/nrf52832_xxaa_bsp.c.o
 *fill*         0x20003555        0x3 
 .bss.m_app_ticks_per_100ms
                0x20003558        0x4 _build/nrf52832_xxaa_bsp.c.o
 .bss.m_registered_callback
                0x2000355c        0x4 _build/nrf52832_xxaa_bsp.c.o
 .bss.m_button_timer_id_data
                0x20003560       0x20 _build/nrf52832_xxaa_bsp.c.o
 .bss.m_stable_state
                0x20003580        0x1 _build/nrf52832_xxaa_bsp.c.o
 *fill*         0x20003581        0x3 
 .bss.m_alert_timer_id_data
                0x20003584       0x20 _build/nrf52832_xxaa_bsp.c.o
 .bss.m_events_list
                0x200035a4        0xc _build/nrf52832_xxaa_bsp.c.o
 .bss.APP_TIMER_BUF.11140
                0x200035b0       0x78 _build/nrf52832_xxaa_main.c.o
 .bss.BLE_EVT_BUFFER.11116
                0x20003628       0x50 _build/nrf52832_xxaa_main.c.o
 .bss.m_adv_params
                0x20003678       0x10 _build/nrf52832_xxaa_main.c.o
 .bss.m_beacon_info
                0x20003688        0x8 _build/nrf52832_xxaa_main.c.o
 .bss.m_suspended
                0x20003690        0x1 _build/nrf52832_xxaa_softdevice_handler.c.o
 .bss.m_softdevice_enabled
                0x20003691        0x1 _build/nrf52832_xxaa_softdevice_handler.c.o
 .bss.m_ble_evt_buffer_size
                0x20003692        0x2 _build/nrf52832_xxaa_softdevice_handler.c.o
 .bss.mp_ble_evt_buffer
                0x20003694        0x4 _build/nrf52832_xxaa_softdevice_handler.c.o
 .bss.m_sys_evt_handler
                0x20003698        0x4 _build/nrf52832_xxaa_softdevice_handler.c.o
 .bss.m_ble_evt_handler
                0x2000369c        0x4 _build/nrf52832_xxaa_softdevice_handler.c.o
 .bss.m_evt_schedule_func
                0x200036a0        0x4 _build/nrf52832_xxaa_softdevice_handler.c.o
 .bss.__malloc_sbrk_start
                0x200036a4        0x4 /usr/local/gcc-arm-none-eabi-4_9-2015q3/bin/../lib/gcc/arm-none-eabi/4.9.3/../../../../arm-none-eabi/lib/armv7e-m/fpu/libc_nano.a(lib_a-nano-mallocr.o)
                0x200036a4                __malloc_sbrk_start
 .bss.__malloc_free_list
                0x200036a8        0x4 /usr/local/gcc-arm-none-eabi-4_9-2015q3/bin/../lib/gcc/arm-none-eabi/4.9.3/../../../../arm-none-eabi/lib/armv7e-m/fpu/libc_nano.a(lib_a-nano-mallocr.o)
                0x200036a8                __malloc_free_list
 .bss.heap_end.4079
                0x200036ac        0x4 /usr/local/gcc-arm-none-eabi-4_9-2015q3/bin/../lib/gcc/arm-none-eabi/4.9.3/../../../../arm-none-eabi/lib/armv7e-m/fpu/libnosys.a(sbrk.o)
 *(COMMON)
 COMMON         0x200036b0       0x38 _build/nrf52832_xxaa_bme280.c.o
                0x200036b0                bme280
 COMMON         0x200036e8        0x1 _build/nrf52832_xxaa_spi.c.o
                0x200036e8                spi_xfer_done
 *fill*         0x200036e9        0x3 
 COMMON         0x200036ec        0xc _build/nrf52832_xxaa_app_util_platform.c.o
                0x200036ec                nrf_nvic_state
 COMMON         0x200036f8        0x4 /usr/local/gcc-arm-none-eabi-4_9-2015q3/bin/../lib/gcc/arm-none-eabi/4.9.3/../../../../arm-none-eabi/lib/armv7e-m/fpu/libc_nano.a(lib_a-reent.o)
                0x200036f8                errno
                0x200036fc                . = ALIGN (0x4)
                0x200036fc                __bss_end__ = .

.heap           0x20003700        0x0
                0x20003700                __HeapBase = .
                0x20003700                __end__ = .
                0x20003700                PROVIDE (end, .)
 *(.heap*)
 .heap          0x20003700        0x0 _build/nrf52832_xxaa_gcc_startup_nrf52.S.o
                0x20003700                __HeapLimit = .

.stack_dummy    0x20003700     0x2000
 *(.stack*)
 .stack         0x20003700     0x2000 _build/nrf52832_xxaa_gcc_startup_nrf52.S.o
                0x20010000                __StackTop = (ORIGIN (RAM) + 0xd3c0)
                0x2000e000                __StackLimit = (__StackTop - SIZEOF (.stack_dummy))
                0x20010000                PROVIDE (__stack, __StackTop)
                0x00000001                ASSERT ((__StackLimit >= __HeapLimit), region RAM overflowed with stack)
OUTPUT(_build/nrf52832_xxaa.out elf32-littlearm)

.ARM.attributes
                0x00000000       0x30
 .ARM.attributes
                0x00000000       0x22 /usr/local/gcc-arm-none-eabi-4_9-2015q3/bin/../lib/gcc/arm-none-eabi/4.9.3/armv7e-m/fpu/crti.o
 .ARM.attributes
                0x00000022       0x34 /usr/local/gcc-arm-none-eabi-4_9-2015q3/bin/../lib/gcc/arm-none-eabi/4.9.3/armv7e-m/fpu/crtbegin.o
 .ARM.attributes
                0x00000056       0x20 /usr/local/gcc-arm-none-eabi-4_9-2015q3/bin/../lib/gcc/arm-none-eabi/4.9.3/../../../../arm-none-eabi/lib/armv7e-m/fpu/crt0.o
 .ARM.attributes
                0x00000076       0x34 /usr/local/gcc-arm-none-eabi-4_9-2015q3/bin/../lib/gcc/arm-none-eabi/4.9.3/../../../../arm-none-eabi/lib/armv7e-m/fpu/libc_nano.a(lib_a-exit.o)
 .ARM.attributes
                0x000000aa       0x34 /usr/local/gcc-arm-none-eabi-4_9-2015q3/bin/../lib/gcc/arm-none-eabi/4.9.3/../../../../arm-none-eabi/lib/armv7e-m/fpu/libc_nano.a(lib_a-impure.o)
 .ARM.attributes
                0x000000de       0x34 /usr/local/gcc-arm-none-eabi-4_9-2015q3/bin/../lib/gcc/arm-none-eabi/4.9.3/../../../../arm-none-eabi/lib/armv7e-m/fpu/libc_nano.a(lib_a-init.o)
 .ARM.attributes
                0x00000112       0x34 /usr/local/gcc-arm-none-eabi-4_9-2015q3/bin/../lib/gcc/arm-none-eabi/4.9.3/../../../../arm-none-eabi/lib/armv7e-m/fpu/libc_nano.a(lib_a-memset.o)
 .ARM.attributes
                0x00000146       0x34 /usr/local/gcc-arm-none-eabi-4_9-2015q3/bin/../lib/gcc/arm-none-eabi/4.9.3/../../../../arm-none-eabi/lib/armv7e-m/fpu/libnosys.a(_exit.o)
 .ARM.attributes
                0x0000017a       0x39 _build/nrf52832_xxaa_bme280.c.o
 .ARM.attributes
                0x000001b3       0x39 _build/nrf52832_xxaa_spi.c.o
 .ARM.attributes
                0x000001ec       0x39 _build/nrf52832_xxaa_nrf_drv_spi.c.o
 .ARM.attributes
                0x00000225       0x39 _build/nrf52832_xxaa_nrf_drv_saadc.c.o
 .ARM.attributes
                0x0000025e       0x39 _build/nrf52832_xxaa_nrf_log_backend_serial.c.o
 .ARM.attributes
                0x00000297       0x39 _build/nrf52832_xxaa_nrf_log_frontend.c.o
 .ARM.attributes
                0x000002d0       0x39 _build/nrf52832_xxaa_app_button.c.o
 .ARM.attributes
                0x00000309       0x39 _build/nrf52832_xxaa_app_error.c.o
 .ARM.attributes
                0x00000342       0x39 _build/nrf52832_xxaa_app_error_weak.c.o
 .ARM.attributes
                0x0000037b       0x39 _build/nrf52832_xxaa_app_timer.c.o
 .ARM.attributes
                0x000003b4       0x39 _build/nrf52832_xxaa_app_util_platform.c.o
 .ARM.attributes
                0x000003ed       0x39 _build/nrf52832_xxaa_fds.c.o
 .ARM.attributes
                0x00000426       0x39 _build/nrf52832_xxaa_fstorage.c.o
 .ARM.attributes
                0x0000045f       0x39 _build/nrf52832_xxaa_boards.c.o
 .ARM.attributes
                0x00000498       0x39 _build/nrf52832_xxaa_nrf_drv_clock.c.o
 .ARM.attributes
                0x000004d1       0x39 _build/nrf52832_xxaa_nrf_drv_common.c.o
 .ARM.attributes
                0x0000050a       0x39 _build/nrf52832_xxaa_nrf_drv_gpiote.c.o
 .ARM.attributes
                0x00000543       0x39 _build/nrf52832_xxaa_nrf_drv_uart.c.o
 .ARM.attributes
                0x0000057c       0x39 _build/nrf52832_xxaa_bsp.c.o
 .ARM.attributes
                0x000005b5       0x39 _build/nrf52832_xxaa_main.c.o
 .ARM.attributes
                0x000005ee       0x39 _build/nrf52832_xxaa_ble_advdata.c.o
 .ARM.attributes
                0x00000627       0x1c _build/nrf52832_xxaa_gcc_startup_nrf52.S.o
 .ARM.attributes
                0x00000643       0x39 _build/nrf52832_xxaa_system_nrf52.c.o
 .ARM.attributes
                0x0000067c       0x39 _build/nrf52832_xxaa_softdevice_handler.c.o
 .ARM.attributes
                0x000006b5       0x22 /usr/local/gcc-arm-none-eabi-4_9-2015q3/bin/../lib/gcc/arm-none-eabi/4.9.3/armv7e-m/fpu/libgcc.a(_aeabi_ldivmod.o)
 .ARM.attributes
                0x000006d7       0x34 /usr/local/gcc-arm-none-eabi-4_9-2015q3/bin/../lib/gcc/arm-none-eabi/4.9.3/armv7e-m/fpu/libgcc.a(bpabi.o)
 .ARM.attributes
                0x0000070b       0x22 /usr/local/gcc-arm-none-eabi-4_9-2015q3/bin/../lib/gcc/arm-none-eabi/4.9.3/armv7e-m/fpu/libgcc.a(_dvmd_tls.o)
 .ARM.attributes
                0x0000072d       0x34 /usr/local/gcc-arm-none-eabi-4_9-2015q3/bin/../lib/gcc/arm-none-eabi/4.9.3/armv7e-m/fpu/libgcc.a(_divdi3.o)
 .ARM.attributes
                0x00000761       0x34 /usr/local/gcc-arm-none-eabi-4_9-2015q3/bin/../lib/gcc/arm-none-eabi/4.9.3/armv7e-m/fpu/libgcc.a(_udivdi3.o)
 .ARM.attributes
                0x00000795       0x34 /usr/local/gcc-arm-none-eabi-4_9-2015q3/bin/../lib/gcc/arm-none-eabi/4.9.3/../../../../arm-none-eabi/lib/armv7e-m/fpu/libc_nano.a(lib_a-ctype_.o)
 .ARM.attributes
                0x000007c9       0x34 /usr/local/gcc-arm-none-eabi-4_9-2015q3/bin/../lib/gcc/arm-none-eabi/4.9.3/../../../../arm-none-eabi/lib/armv7e-m/fpu/libc_nano.a(lib_a-memcpy.o)
 .ARM.attributes
                0x000007fd       0x34 /usr/local/gcc-arm-none-eabi-4_9-2015q3/bin/../lib/gcc/arm-none-eabi/4.9.3/../../../../arm-none-eabi/lib/armv7e-m/fpu/libc_nano.a(lib_a-snprintf.o)
 .ARM.attributes
                0x00000831       0x34 /usr/local/gcc-arm-none-eabi-4_9-2015q3/bin/../lib/gcc/arm-none-eabi/4.9.3/../../../../arm-none-eabi/lib/armv7e-m/fpu/libc_nano.a(lib_a-strlen.o)
 .ARM.attributes
                0x00000865       0x34 /usr/local/gcc-arm-none-eabi-4_9-2015q3/bin/../lib/gcc/arm-none-eabi/4.9.3/../../../../arm-none-eabi/lib/armv7e-m/fpu/libc_nano.a(lib_a-nano-svfprintf.o)
 .ARM.attributes
                0x00000899       0x34 /usr/local/gcc-arm-none-eabi-4_9-2015q3/bin/../lib/gcc/arm-none-eabi/4.9.3/../../../../arm-none-eabi/lib/armv7e-m/fpu/libc_nano.a(lib_a-nano-vfprintf_i.o)
 .ARM.attributes
                0x000008cd       0x34 /usr/local/gcc-arm-none-eabi-4_9-2015q3/bin/../lib/gcc/arm-none-eabi/4.9.3/../../../../arm-none-eabi/lib/armv7e-m/fpu/libc_nano.a(lib_a-memchr.o)
 .ARM.attributes
                0x00000901       0x34 /usr/local/gcc-arm-none-eabi-4_9-2015q3/bin/../lib/gcc/arm-none-eabi/4.9.3/../../../../arm-none-eabi/lib/armv7e-m/fpu/libc_nano.a(lib_a-memmove.o)
 .ARM.attributes
                0x00000935       0x34 /usr/local/gcc-arm-none-eabi-4_9-2015q3/bin/../lib/gcc/arm-none-eabi/4.9.3/../../../../arm-none-eabi/lib/armv7e-m/fpu/libc_nano.a(lib_a-nano-freer.o)
 .ARM.attributes
                0x00000969       0x34 /usr/local/gcc-arm-none-eabi-4_9-2015q3/bin/../lib/gcc/arm-none-eabi/4.9.3/../../../../arm-none-eabi/lib/armv7e-m/fpu/libc_nano.a(lib_a-nano-mallocr.o)
 .ARM.attributes
                0x0000099d       0x34 /usr/local/gcc-arm-none-eabi-4_9-2015q3/bin/../lib/gcc/arm-none-eabi/4.9.3/../../../../arm-none-eabi/lib/armv7e-m/fpu/libc_nano.a(lib_a-nano-reallocr.o)
 .ARM.attributes
                0x000009d1       0x34 /usr/local/gcc-arm-none-eabi-4_9-2015q3/bin/../lib/gcc/arm-none-eabi/4.9.3/../../../../arm-none-eabi/lib/armv7e-m/fpu/libc_nano.a(lib_a-sbrkr.o)
 .ARM.attributes
                0x00000a05       0x34 /usr/local/gcc-arm-none-eabi-4_9-2015q3/bin/../lib/gcc/arm-none-eabi/4.9.3/../../../../arm-none-eabi/lib/armv7e-m/fpu/libc_nano.a(lib_a-nano-msizer.o)
 .ARM.attributes
                0x00000a39       0x34 /usr/local/gcc-arm-none-eabi-4_9-2015q3/bin/../lib/gcc/arm-none-eabi/4.9.3/../../../../arm-none-eabi/lib/armv7e-m/fpu/libc_nano.a(lib_a-reent.o)
 .ARM.attributes
                0x00000a6d       0x34 /usr/local/gcc-arm-none-eabi-4_9-2015q3/bin/../lib/gcc/arm-none-eabi/4.9.3/armv7e-m/fpu/crtend.o
 .ARM.attributes
                0x00000aa1       0x22 /usr/local/gcc-arm-none-eabi-4_9-2015q3/bin/../lib/gcc/arm-none-eabi/4.9.3/armv7e-m/fpu/crtn.o
 .ARM.attributes
                0x00000ac3       0x34 /usr/local/gcc-arm-none-eabi-4_9-2015q3/bin/../lib/gcc/arm-none-eabi/4.9.3/../../../../arm-none-eabi/lib/armv7e-m/fpu/libnosys.a(sbrk.o)

.comment        0x00000000       0x70
 .comment       0x00000000       0x70 _build/nrf52832_xxaa_bme280.c.o
                                 0x71 (size before relaxing)
 .comment       0x00000000       0x71 _build/nrf52832_xxaa_spi.c.o
 .comment       0x00000000       0x71 _build/nrf52832_xxaa_nrf_drv_spi.c.o
 .comment       0x00000000       0x71 _build/nrf52832_xxaa_nrf_drv_saadc.c.o
 .comment       0x00000000       0x71 _build/nrf52832_xxaa_nrf_log_backend_serial.c.o
 .comment       0x00000000       0x71 _build/nrf52832_xxaa_nrf_log_frontend.c.o
 .comment       0x00000000       0x71 _build/nrf52832_xxaa_app_button.c.o
 .comment       0x00000000       0x71 _build/nrf52832_xxaa_app_error.c.o
 .comment       0x00000000       0x71 _build/nrf52832_xxaa_app_error_weak.c.o
 .comment       0x00000000       0x71 _build/nrf52832_xxaa_app_timer.c.o
 .comment       0x00000000       0x71 _build/nrf52832_xxaa_app_util_platform.c.o
 .comment       0x00000000       0x71 _build/nrf52832_xxaa_fds.c.o
 .comment       0x00000000       0x71 _build/nrf52832_xxaa_fstorage.c.o
 .comment       0x00000000       0x71 _build/nrf52832_xxaa_boards.c.o
 .comment       0x00000000       0x71 _build/nrf52832_xxaa_nrf_drv_clock.c.o
 .comment       0x00000000       0x71 _build/nrf52832_xxaa_nrf_drv_common.c.o
 .comment       0x00000000       0x71 _build/nrf52832_xxaa_nrf_drv_gpiote.c.o
 .comment       0x00000000       0x71 _build/nrf52832_xxaa_nrf_drv_uart.c.o
 .comment       0x00000000       0x71 _build/nrf52832_xxaa_bsp.c.o
 .comment       0x00000000       0x71 _build/nrf52832_xxaa_main.c.o
 .comment       0x00000000       0x71 _build/nrf52832_xxaa_ble_advdata.c.o
 .comment       0x00000000       0x71 _build/nrf52832_xxaa_system_nrf52.c.o
 .comment       0x00000000       0x71 _build/nrf52832_xxaa_softdevice_handler.c.o

.debug_frame    0x00000000     0x23d0
 .debug_frame   0x00000000       0x28 /usr/local/gcc-arm-none-eabi-4_9-2015q3/bin/../lib/gcc/arm-none-eabi/4.9.3/../../../../arm-none-eabi/lib/armv7e-m/fpu/libc_nano.a(lib_a-exit.o)
 .debug_frame   0x00000028       0x2c /usr/local/gcc-arm-none-eabi-4_9-2015q3/bin/../lib/gcc/arm-none-eabi/4.9.3/../../../../arm-none-eabi/lib/armv7e-m/fpu/libc_nano.a(lib_a-init.o)
 .debug_frame   0x00000054       0x20 /usr/local/gcc-arm-none-eabi-4_9-2015q3/bin/../lib/gcc/arm-none-eabi/4.9.3/../../../../arm-none-eabi/lib/armv7e-m/fpu/libc_nano.a(lib_a-memset.o)
 .debug_frame   0x00000074       0x20 /usr/local/gcc-arm-none-eabi-4_9-2015q3/bin/../lib/gcc/arm-none-eabi/4.9.3/../../../../arm-none-eabi/lib/armv7e-m/fpu/libnosys.a(_exit.o)
 .debug_frame   0x00000094      0x258 _build/nrf52832_xxaa_bme280.c.o
 .debug_frame   0x000002ec       0x8c _build/nrf52832_xxaa_spi.c.o
 .debug_frame   0x00000378      0x12c _build/nrf52832_xxaa_nrf_drv_spi.c.o
 .debug_frame   0x000004a4      0x1f0 _build/nrf52832_xxaa_nrf_drv_saadc.c.o
 .debug_frame   0x00000694       0xec _build/nrf52832_xxaa_nrf_log_backend_serial.c.o
 .debug_frame   0x00000780      0x294 _build/nrf52832_xxaa_nrf_log_frontend.c.o
 .debug_frame   0x00000a14       0xe0 _build/nrf52832_xxaa_app_button.c.o
 .debug_frame   0x00000af4       0x70 _build/nrf52832_xxaa_app_error.c.o
 .debug_frame   0x00000b64       0x28 _build/nrf52832_xxaa_app_error_weak.c.o
 .debug_frame   0x00000b8c      0x140 _build/nrf52832_xxaa_app_timer.c.o
 .debug_frame   0x00000ccc       0x74 _build/nrf52832_xxaa_app_util_platform.c.o
 .debug_frame   0x00000d40      0x428 _build/nrf52832_xxaa_fds.c.o
 .debug_frame   0x00001168      0x160 _build/nrf52832_xxaa_fstorage.c.o
 .debug_frame   0x000012c8      0x104 _build/nrf52832_xxaa_boards.c.o
 .debug_frame   0x000013cc      0x1fc _build/nrf52832_xxaa_nrf_drv_clock.c.o
 .debug_frame   0x000015c8       0x3c _build/nrf52832_xxaa_nrf_drv_common.c.o
 .debug_frame   0x00001604      0x25c _build/nrf52832_xxaa_nrf_drv_gpiote.c.o
 .debug_frame   0x00001860      0x19c _build/nrf52832_xxaa_nrf_drv_uart.c.o
 .debug_frame   0x000019fc      0x1ec _build/nrf52832_xxaa_bsp.c.o
 .debug_frame   0x00001be8       0x80 _build/nrf52832_xxaa_main.c.o
 .debug_frame   0x00001c68      0x128 _build/nrf52832_xxaa_ble_advdata.c.o
 .debug_frame   0x00001d90       0x40 _build/nrf52832_xxaa_system_nrf52.c.o
 .debug_frame   0x00001dd0      0x1d8 _build/nrf52832_xxaa_softdevice_handler.c.o
 .debug_frame   0x00001fa8       0x28 /usr/local/gcc-arm-none-eabi-4_9-2015q3/bin/../lib/gcc/arm-none-eabi/4.9.3/armv7e-m/fpu/libgcc.a(_aeabi_ldivmod.o)
 .debug_frame   0x00001fd0       0x50 /usr/local/gcc-arm-none-eabi-4_9-2015q3/bin/../lib/gcc/arm-none-eabi/4.9.3/armv7e-m/fpu/libgcc.a(bpabi.o)
 .debug_frame   0x00002020       0x34 /usr/local/gcc-arm-none-eabi-4_9-2015q3/bin/../lib/gcc/arm-none-eabi/4.9.3/armv7e-m/fpu/libgcc.a(_divdi3.o)
 .debug_frame   0x00002054       0x30 /usr/local/gcc-arm-none-eabi-4_9-2015q3/bin/../lib/gcc/arm-none-eabi/4.9.3/armv7e-m/fpu/libgcc.a(_udivdi3.o)
 .debug_frame   0x00002084       0x28 /usr/local/gcc-arm-none-eabi-4_9-2015q3/bin/../lib/gcc/arm-none-eabi/4.9.3/../../../../arm-none-eabi/lib/armv7e-m/fpu/libc_nano.a(lib_a-memcpy.o)
 .debug_frame   0x000020ac       0x74 /usr/local/gcc-arm-none-eabi-4_9-2015q3/bin/../lib/gcc/arm-none-eabi/4.9.3/../../../../arm-none-eabi/lib/armv7e-m/fpu/libc_nano.a(lib_a-snprintf.o)
 .debug_frame   0x00002120       0x20 /usr/local/gcc-arm-none-eabi-4_9-2015q3/bin/../lib/gcc/arm-none-eabi/4.9.3/../../../../arm-none-eabi/lib/armv7e-m/fpu/libc_nano.a(lib_a-strlen.o)
 .debug_frame   0x00002140       0x8c /usr/local/gcc-arm-none-eabi-4_9-2015q3/bin/../lib/gcc/arm-none-eabi/4.9.3/../../../../arm-none-eabi/lib/armv7e-m/fpu/libc_nano.a(lib_a-nano-svfprintf.o)
 .debug_frame   0x000021cc       0x58 /usr/local/gcc-arm-none-eabi-4_9-2015q3/bin/../lib/gcc/arm-none-eabi/4.9.3/../../../../arm-none-eabi/lib/armv7e-m/fpu/libc_nano.a(lib_a-nano-vfprintf_i.o)
 .debug_frame   0x00002224       0x28 /usr/local/gcc-arm-none-eabi-4_9-2015q3/bin/../lib/gcc/arm-none-eabi/4.9.3/../../../../arm-none-eabi/lib/armv7e-m/fpu/libc_nano.a(lib_a-memchr.o)
 .debug_frame   0x0000224c       0x28 /usr/local/gcc-arm-none-eabi-4_9-2015q3/bin/../lib/gcc/arm-none-eabi/4.9.3/../../../../arm-none-eabi/lib/armv7e-m/fpu/libc_nano.a(lib_a-memmove.o)
 .debug_frame   0x00002274       0x2c /usr/local/gcc-arm-none-eabi-4_9-2015q3/bin/../lib/gcc/arm-none-eabi/4.9.3/../../../../arm-none-eabi/lib/armv7e-m/fpu/libc_nano.a(lib_a-nano-freer.o)
 .debug_frame   0x000022a0       0x2c /usr/local/gcc-arm-none-eabi-4_9-2015q3/bin/../lib/gcc/arm-none-eabi/4.9.3/../../../../arm-none-eabi/lib/armv7e-m/fpu/libc_nano.a(lib_a-nano-mallocr.o)
 .debug_frame   0x000022cc       0x3c /usr/local/gcc-arm-none-eabi-4_9-2015q3/bin/../lib/gcc/arm-none-eabi/4.9.3/../../../../arm-none-eabi/lib/armv7e-m/fpu/libc_nano.a(lib_a-nano-reallocr.o)
 .debug_frame   0x00002308       0x2c /usr/local/gcc-arm-none-eabi-4_9-2015q3/bin/../lib/gcc/arm-none-eabi/4.9.3/../../../../arm-none-eabi/lib/armv7e-m/fpu/libc_nano.a(lib_a-sbrkr.o)
 .debug_frame   0x00002334       0x20 /usr/local/gcc-arm-none-eabi-4_9-2015q3/bin/../lib/gcc/arm-none-eabi/4.9.3/../../../../arm-none-eabi/lib/armv7e-m/fpu/libc_nano.a(lib_a-nano-msizer.o)
 .debug_frame   0x00002354       0x5c /usr/local/gcc-arm-none-eabi-4_9-2015q3/bin/../lib/gcc/arm-none-eabi/4.9.3/../../../../arm-none-eabi/lib/armv7e-m/fpu/libc_nano.a(lib_a-reent.o)
 .debug_frame   0x000023b0       0x20 /usr/local/gcc-arm-none-eabi-4_9-2015q3/bin/../lib/gcc/arm-none-eabi/4.9.3/../../../../arm-none-eabi/lib/armv7e-m/fpu/libnosys.a(sbrk.o)

.debug_info     0x00000000    0x232b6
 .debug_info    0x00000000     0x1c19 _build/nrf52832_xxaa_bme280.c.o
 .debug_info    0x00001c19     0x1147 _build/nrf52832_xxaa_spi.c.o
 .debug_info    0x00002d60     0x24d1 _build/nrf52832_xxaa_nrf_drv_spi.c.o
 .debug_info    0x00005231     0x1f9c _build/nrf52832_xxaa_nrf_drv_saadc.c.o
 .debug_info    0x000071cd     0x16f9 _build/nrf52832_xxaa_nrf_log_backend_serial.c.o
 .debug_info    0x000088c6     0x15a4 _build/nrf52832_xxaa_nrf_log_frontend.c.o
 .debug_info    0x00009e6a      0x6da _build/nrf52832_xxaa_app_button.c.o
 .debug_info    0x0000a544      0x3ac _build/nrf52832_xxaa_app_error.c.o
 .debug_info    0x0000a8f0      0x3d3 _build/nrf52832_xxaa_app_error_weak.c.o
 .debug_info    0x0000acc3     0x1bec _build/nrf52832_xxaa_app_timer.c.o
 .debug_info    0x0000c8af      0x633 _build/nrf52832_xxaa_app_util_platform.c.o
 .debug_info    0x0000cee2     0x3e34 _build/nrf52832_xxaa_fds.c.o
 .debug_info    0x00010d16     0x128f _build/nrf52832_xxaa_fstorage.c.o
 .debug_info    0x00011fa5      0xbe5 _build/nrf52832_xxaa_boards.c.o
 .debug_info    0x00012b8a     0x171d _build/nrf52832_xxaa_nrf_drv_clock.c.o
 .debug_info    0x000142a7      0x697 _build/nrf52832_xxaa_nrf_drv_common.c.o
 .debug_info    0x0001493e     0x2808 _build/nrf52832_xxaa_nrf_drv_gpiote.c.o
 .debug_info    0x00017146     0x4372 _build/nrf52832_xxaa_nrf_drv_uart.c.o
 .debug_info    0x0001b4b8     0x132c _build/nrf52832_xxaa_bsp.c.o
 .debug_info    0x0001c7e4     0x1799 _build/nrf52832_xxaa_main.c.o
 .debug_info    0x0001df7d     0x1ae4 _build/nrf52832_xxaa_ble_advdata.c.o
 .debug_info    0x0001fa61      0xde1 _build/nrf52832_xxaa_system_nrf52.c.o
 .debug_info    0x00020842     0x2a74 _build/nrf52832_xxaa_softdevice_handler.c.o

.debug_abbrev   0x00000000     0x4d36
 .debug_abbrev  0x00000000      0x3a7 _build/nrf52832_xxaa_bme280.c.o
 .debug_abbrev  0x000003a7      0x369 _build/nrf52832_xxaa_spi.c.o
 .debug_abbrev  0x00000710      0x3c2 _build/nrf52832_xxaa_nrf_drv_spi.c.o
 .debug_abbrev  0x00000ad2      0x499 _build/nrf52832_xxaa_nrf_drv_saadc.c.o
 .debug_abbrev  0x00000f6b      0x415 _build/nrf52832_xxaa_nrf_log_backend_serial.c.o
 .debug_abbrev  0x00001380      0x397 _build/nrf52832_xxaa_nrf_log_frontend.c.o
 .debug_abbrev  0x00001717      0x21e _build/nrf52832_xxaa_app_button.c.o
 .debug_abbrev  0x00001935      0x153 _build/nrf52832_xxaa_app_error.c.o
 .debug_abbrev  0x00001a88      0x191 _build/nrf52832_xxaa_app_error_weak.c.o
 .debug_abbrev  0x00001c19      0x40d _build/nrf52832_xxaa_app_timer.c.o
 .debug_abbrev  0x00002026      0x225 _build/nrf52832_xxaa_app_util_platform.c.o
 .debug_abbrev  0x0000224b      0x465 _build/nrf52832_xxaa_fds.c.o
 .debug_abbrev  0x000026b0      0x3cb _build/nrf52832_xxaa_fstorage.c.o
 .debug_abbrev  0x00002a7b      0x274 _build/nrf52832_xxaa_boards.c.o
 .debug_abbrev  0x00002cef      0x4b6 _build/nrf52832_xxaa_nrf_drv_clock.c.o
 .debug_abbrev  0x000031a5      0x1ab _build/nrf52832_xxaa_nrf_drv_common.c.o
 .debug_abbrev  0x00003350      0x435 _build/nrf52832_xxaa_nrf_drv_gpiote.c.o
 .debug_abbrev  0x00003785      0x3ba _build/nrf52832_xxaa_nrf_drv_uart.c.o
 .debug_abbrev  0x00003b3f      0x3ef _build/nrf52832_xxaa_bsp.c.o
 .debug_abbrev  0x00003f2e      0x374 _build/nrf52832_xxaa_main.c.o
 .debug_abbrev  0x000042a2      0x37d _build/nrf52832_xxaa_ble_advdata.c.o
 .debug_abbrev  0x0000461f      0x1d5 _build/nrf52832_xxaa_system_nrf52.c.o
 .debug_abbrev  0x000047f4      0x542 _build/nrf52832_xxaa_softdevice_handler.c.o

.debug_loc      0x00000000    0x1380c
 .debug_loc     0x00000000      0x90a _build/nrf52832_xxaa_bme280.c.o
 .debug_loc     0x0000090a      0x170 _build/nrf52832_xxaa_spi.c.o
 .debug_loc     0x00000a7a     0x104c _build/nrf52832_xxaa_nrf_drv_spi.c.o
 .debug_loc     0x00001ac6     0x106e _build/nrf52832_xxaa_nrf_drv_saadc.c.o
 .debug_loc     0x00002b34      0xf31 _build/nrf52832_xxaa_nrf_log_backend_serial.c.o
 .debug_loc     0x00003a65     0x181d _build/nrf52832_xxaa_nrf_log_frontend.c.o
 .debug_loc     0x00005282      0x3ab _build/nrf52832_xxaa_app_button.c.o
 .debug_loc     0x0000562d      0x145 _build/nrf52832_xxaa_app_error.c.o
 .debug_loc     0x00005772       0x63 _build/nrf52832_xxaa_app_error_weak.c.o
 .debug_loc     0x000057d5      0xcd9 _build/nrf52832_xxaa_app_timer.c.o
 .debug_loc     0x000064ae       0x1e _build/nrf52832_xxaa_app_util_platform.c.o
 .debug_loc     0x000064cc     0x47b4 _build/nrf52832_xxaa_fds.c.o
 .debug_loc     0x0000ac80      0x976 _build/nrf52832_xxaa_fstorage.c.o
 .debug_loc     0x0000b5f6      0x751 _build/nrf52832_xxaa_boards.c.o
 .debug_loc     0x0000bd47      0x3ed _build/nrf52832_xxaa_nrf_drv_clock.c.o
 .debug_loc     0x0000c134       0xd6 _build/nrf52832_xxaa_nrf_drv_common.c.o
 .debug_loc     0x0000c20a     0x1e5d _build/nrf52832_xxaa_nrf_drv_gpiote.c.o
 .debug_loc     0x0000e067     0x2b69 _build/nrf52832_xxaa_nrf_drv_uart.c.o
 .debug_loc     0x00010bd0      0xa2e _build/nrf52832_xxaa_bsp.c.o
 .debug_loc     0x000115fe      0x27b _build/nrf52832_xxaa_main.c.o
 .debug_loc     0x00011879     0x19b3 _build/nrf52832_xxaa_ble_advdata.c.o
 .debug_loc     0x0001322c      0x5e0 _build/nrf52832_xxaa_softdevice_handler.c.o

.debug_aranges  0x00000000      0x9b8
 .debug_aranges
                0x00000000       0xa0 _build/nrf52832_xxaa_bme280.c.o
 .debug_aranges
                0x000000a0       0x38 _build/nrf52832_xxaa_spi.c.o
 .debug_aranges
                0x000000d8       0x60 _build/nrf52832_xxaa_nrf_drv_spi.c.o
 .debug_aranges
                0x00000138       0x80 _build/nrf52832_xxaa_nrf_drv_saadc.c.o
 .debug_aranges
                0x000001b8       0x50 _build/nrf52832_xxaa_nrf_log_backend_serial.c.o
 .debug_aranges
                0x00000208       0x98 _build/nrf52832_xxaa_nrf_log_frontend.c.o
 .debug_aranges
                0x000002a0       0x48 _build/nrf52832_xxaa_app_button.c.o
 .debug_aranges
                0x000002e8       0x30 _build/nrf52832_xxaa_app_error.c.o
 .debug_aranges
                0x00000318       0x20 _build/nrf52832_xxaa_app_error_weak.c.o
 .debug_aranges
                0x00000338       0x60 _build/nrf52832_xxaa_app_timer.c.o
 .debug_aranges
                0x00000398       0x38 _build/nrf52832_xxaa_app_util_platform.c.o
 .debug_aranges
                0x000003d0       0xd8 _build/nrf52832_xxaa_fds.c.o
 .debug_aranges
                0x000004a8       0x78 _build/nrf52832_xxaa_fstorage.c.o
 .debug_aranges
                0x00000520       0x80 _build/nrf52832_xxaa_boards.c.o
 .debug_aranges
                0x000005a0       0xb0 _build/nrf52832_xxaa_nrf_drv_clock.c.o
 .debug_aranges
                0x00000650       0x28 _build/nrf52832_xxaa_nrf_drv_common.c.o
 .debug_aranges
                0x00000678       0xd8 _build/nrf52832_xxaa_nrf_drv_gpiote.c.o
 .debug_aranges
                0x00000750       0x70 _build/nrf52832_xxaa_nrf_drv_uart.c.o
 .debug_aranges
                0x000007c0       0x78 _build/nrf52832_xxaa_bsp.c.o
 .debug_aranges
                0x00000838       0x40 _build/nrf52832_xxaa_main.c.o
 .debug_aranges
                0x00000878       0x60 _build/nrf52832_xxaa_ble_advdata.c.o
 .debug_aranges
                0x000008d8       0x28 _build/nrf52832_xxaa_system_nrf52.c.o
 .debug_aranges
                0x00000900       0xb8 _build/nrf52832_xxaa_softdevice_handler.c.o

.debug_ranges   0x00000000     0x4e68
 .debug_ranges  0x00000000      0x4a8 _build/nrf52832_xxaa_bme280.c.o
 .debug_ranges  0x000004a8       0x90 _build/nrf52832_xxaa_spi.c.o
 .debug_ranges  0x00000538      0x4b8 _build/nrf52832_xxaa_nrf_drv_spi.c.o
 .debug_ranges  0x000009f0      0xa50 _build/nrf52832_xxaa_nrf_drv_saadc.c.o
 .debug_ranges  0x00001440      0x160 _build/nrf52832_xxaa_nrf_log_backend_serial.c.o
 .debug_ranges  0x000015a0      0x2e8 _build/nrf52832_xxaa_nrf_log_frontend.c.o
 .debug_ranges  0x00001888       0xa0 _build/nrf52832_xxaa_app_button.c.o
 .debug_ranges  0x00001928       0x20 _build/nrf52832_xxaa_app_error.c.o
 .debug_ranges  0x00001948       0x10 _build/nrf52832_xxaa_app_error_weak.c.o
 .debug_ranges  0x00001958      0x4f0 _build/nrf52832_xxaa_app_timer.c.o
 .debug_ranges  0x00001e48       0x58 _build/nrf52832_xxaa_app_util_platform.c.o
 .debug_ranges  0x00001ea0      0xf40 _build/nrf52832_xxaa_fds.c.o
 .debug_ranges  0x00002de0      0x1e0 _build/nrf52832_xxaa_fstorage.c.o
 .debug_ranges  0x00002fc0      0x160 _build/nrf52832_xxaa_boards.c.o
 .debug_ranges  0x00003120      0x3b0 _build/nrf52832_xxaa_nrf_drv_clock.c.o
 .debug_ranges  0x000034d0       0x38 _build/nrf52832_xxaa_nrf_drv_common.c.o
 .debug_ranges  0x00003508      0x8b8 _build/nrf52832_xxaa_nrf_drv_gpiote.c.o
 .debug_ranges  0x00003dc0      0x850 _build/nrf52832_xxaa_nrf_drv_uart.c.o
 .debug_ranges  0x00004610      0x1d0 _build/nrf52832_xxaa_bsp.c.o
 .debug_ranges  0x000047e0       0x80 _build/nrf52832_xxaa_main.c.o
 .debug_ranges  0x00004860      0x308 _build/nrf52832_xxaa_ble_advdata.c.o
 .debug_ranges  0x00004b68      0x108 _build/nrf52832_xxaa_system_nrf52.c.o
 .debug_ranges  0x00004c70      0x1f8 _build/nrf52832_xxaa_softdevice_handler.c.o

.debug_macro    0x00000000    0x18a18
 .debug_macro   0x00000000      0x41f _build/nrf52832_xxaa_bme280.c.o
 .debug_macro   0x0000041f      0x8ec _build/nrf52832_xxaa_bme280.c.o
 .debug_macro   0x00000d0b       0x22 _build/nrf52832_xxaa_bme280.c.o
 .debug_macro   0x00000d2d       0x44 _build/nrf52832_xxaa_bme280.c.o
 .debug_macro   0x00000d71       0xe3 _build/nrf52832_xxaa_bme280.c.o
 .debug_macro   0x00000e54       0x22 _build/nrf52832_xxaa_bme280.c.o
 .debug_macro   0x00000e76      0x1df _build/nrf52832_xxaa_bme280.c.o
 .debug_macro   0x00001055       0x22 _build/nrf52832_xxaa_bme280.c.o
 .debug_macro   0x00001077       0x28 _build/nrf52832_xxaa_bme280.c.o
 .debug_macro   0x0000109f       0x2d _build/nrf52832_xxaa_bme280.c.o
 .debug_macro   0x000010cc       0x3b _build/nrf52832_xxaa_bme280.c.o
 .debug_macro   0x00001107       0x50 _build/nrf52832_xxaa_bme280.c.o
 .debug_macro   0x00001157      0xe66 _build/nrf52832_xxaa_bme280.c.o
 .debug_macro   0x00001fbd      0x392 _build/nrf52832_xxaa_bme280.c.o
 .debug_macro   0x0000234f     0xcc76 _build/nrf52832_xxaa_bme280.c.o
 .debug_macro   0x0000efc5     0x130f _build/nrf52832_xxaa_bme280.c.o
 .debug_macro   0x000102d4       0x82 _build/nrf52832_xxaa_bme280.c.o
 .debug_macro   0x00010356       0x22 _build/nrf52832_xxaa_bme280.c.o
 .debug_macro   0x00010378      0x16d _build/nrf52832_xxaa_bme280.c.o
 .debug_macro   0x000104e5      0x44c _build/nrf52832_xxaa_bme280.c.o
 .debug_macro   0x00010931      0x296 _build/nrf52832_xxaa_bme280.c.o
 .debug_macro   0x00010bc7      0x166 _build/nrf52832_xxaa_bme280.c.o
 .debug_macro   0x00010d2d       0x9a _build/nrf52832_xxaa_bme280.c.o
 .debug_macro   0x00010dc7       0xa3 _build/nrf52832_xxaa_bme280.c.o
 .debug_macro   0x00010e6a       0x92 _build/nrf52832_xxaa_bme280.c.o
 .debug_macro   0x00010efc       0x58 _build/nrf52832_xxaa_bme280.c.o
 .debug_macro   0x00010f54       0x35 _build/nrf52832_xxaa_bme280.c.o
 .debug_macro   0x00010f89       0x9c _build/nrf52832_xxaa_bme280.c.o
 .debug_macro   0x00011025       0x16 _build/nrf52832_xxaa_bme280.c.o
 .debug_macro   0x0001103b       0x35 _build/nrf52832_xxaa_bme280.c.o
 .debug_macro   0x00011070      0x29d _build/nrf52832_xxaa_bme280.c.o
 .debug_macro   0x0001130d       0x10 _build/nrf52832_xxaa_bme280.c.o
 .debug_macro   0x0001131d       0x52 _build/nrf52832_xxaa_bme280.c.o
 .debug_macro   0x0001136f       0x16 _build/nrf52832_xxaa_bme280.c.o
 .debug_macro   0x00011385       0x43 _build/nrf52832_xxaa_bme280.c.o
 .debug_macro   0x000113c8      0x180 _build/nrf52832_xxaa_bme280.c.o
 .debug_macro   0x00011548       0x10 _build/nrf52832_xxaa_bme280.c.o
 .debug_macro   0x00011558       0x22 _build/nrf52832_xxaa_bme280.c.o
 .debug_macro   0x0001157a       0xbe _build/nrf52832_xxaa_bme280.c.o
 .debug_macro   0x00011638       0x16 _build/nrf52832_xxaa_bme280.c.o
 .debug_macro   0x0001164e      0x166 _build/nrf52832_xxaa_bme280.c.o
 .debug_macro   0x000117b4       0x2b _build/nrf52832_xxaa_bme280.c.o
 .debug_macro   0x000117df       0x10 _build/nrf52832_xxaa_bme280.c.o
 .debug_macro   0x000117ef       0x1c _build/nrf52832_xxaa_bme280.c.o
 .debug_macro   0x0001180b       0x34 _build/nrf52832_xxaa_bme280.c.o
 .debug_macro   0x0001183f       0x1f _build/nrf52832_xxaa_bme280.c.o
 .debug_macro   0x0001185e       0x16 _build/nrf52832_xxaa_bme280.c.o
 .debug_macro   0x00011874       0x22 _build/nrf52832_xxaa_bme280.c.o
 .debug_macro   0x00011896       0x16 _build/nrf52832_xxaa_bme280.c.o
 .debug_macro   0x000118ac       0x30 _build/nrf52832_xxaa_bme280.c.o
 .debug_macro   0x000118dc      0x261 _build/nrf52832_xxaa_bme280.c.o
 .debug_macro   0x00011b3d      0x115 _build/nrf52832_xxaa_bme280.c.o
 .debug_macro   0x00011c52       0x16 _build/nrf52832_xxaa_bme280.c.o
 .debug_macro   0x00011c68       0x1c _build/nrf52832_xxaa_bme280.c.o
 .debug_macro   0x00011c84       0x1c _build/nrf52832_xxaa_bme280.c.o
 .debug_macro   0x00011ca0      0x395 _build/nrf52832_xxaa_bme280.c.o
 .debug_macro   0x00012035       0x16 _build/nrf52832_xxaa_bme280.c.o
 .debug_macro   0x0001204b       0x3c _build/nrf52832_xxaa_bme280.c.o
 .debug_macro   0x00012087       0xd2 _build/nrf52832_xxaa_bme280.c.o
 .debug_macro   0x00012159       0x22 _build/nrf52832_xxaa_bme280.c.o
 .debug_macro   0x0001217b       0x16 _build/nrf52832_xxaa_bme280.c.o
 .debug_macro   0x00012191       0x22 _build/nrf52832_xxaa_bme280.c.o
 .debug_macro   0x000121b3       0x4b _build/nrf52832_xxaa_bme280.c.o
 .debug_macro   0x000121fe      0x164 _build/nrf52832_xxaa_bme280.c.o
 .debug_macro   0x00012362       0x5a _build/nrf52832_xxaa_bme280.c.o
 .debug_macro   0x000123bc       0x16 _build/nrf52832_xxaa_bme280.c.o
 .debug_macro   0x000123d2       0x40 _build/nrf52832_xxaa_bme280.c.o
 .debug_macro   0x00012412       0x64 _build/nrf52832_xxaa_bme280.c.o
 .debug_macro   0x00012476       0x2e _build/nrf52832_xxaa_bme280.c.o
 .debug_macro   0x000124a4       0x77 _build/nrf52832_xxaa_bme280.c.o
 .debug_macro   0x0001251b       0x28 _build/nrf52832_xxaa_bme280.c.o
 .debug_macro   0x00012543       0x22 _build/nrf52832_xxaa_bme280.c.o
 .debug_macro   0x00012565      0x394 _build/nrf52832_xxaa_spi.c.o
 .debug_macro   0x000128f9       0x97 _build/nrf52832_xxaa_spi.c.o
 .debug_macro   0x00012990       0xef _build/nrf52832_xxaa_spi.c.o
 .debug_macro   0x00012a7f       0x10 _build/nrf52832_xxaa_spi.c.o
 .debug_macro   0x00012a8f      0x39b _build/nrf52832_xxaa_spi.c.o
 .debug_macro   0x00012e2a       0x2e _build/nrf52832_xxaa_spi.c.o
 .debug_macro   0x00012e58      0x39b _build/nrf52832_xxaa_nrf_drv_spi.c.o
 .debug_macro   0x000131f3       0x10 _build/nrf52832_xxaa_nrf_drv_spi.c.o
 .debug_macro   0x00013203       0x2e _build/nrf52832_xxaa_nrf_drv_spi.c.o
 .debug_macro   0x00013231       0x1c _build/nrf52832_xxaa_nrf_drv_spi.c.o
 .debug_macro   0x0001324d       0x16 _build/nrf52832_xxaa_nrf_drv_spi.c.o
 .debug_macro   0x00013263      0x33b _build/nrf52832_xxaa_nrf_drv_saadc.c.o
 .debug_macro   0x0001359e       0x28 _build/nrf52832_xxaa_nrf_drv_saadc.c.o
 .debug_macro   0x000135c6      0x33d _build/nrf52832_xxaa_nrf_log_backend_serial.c.o
 .debug_macro   0x00013903       0x52 _build/nrf52832_xxaa_nrf_log_backend_serial.c.o
 .debug_macro   0x00013955       0x94 _build/nrf52832_xxaa_nrf_log_backend_serial.c.o
 .debug_macro   0x000139e9       0x10 _build/nrf52832_xxaa_nrf_log_backend_serial.c.o
 .debug_macro   0x000139f9       0x43 _build/nrf52832_xxaa_nrf_log_backend_serial.c.o
 .debug_macro   0x00013a3c      0x319 _build/nrf52832_xxaa_nrf_log_frontend.c.o
 .debug_macro   0x00013d55      0x16a _build/nrf52832_xxaa_nrf_log_frontend.c.o
 .debug_macro   0x00013ebf      0x2ee _build/nrf52832_xxaa_app_button.c.o
 .debug_macro   0x000141ad       0x36 _build/nrf52832_xxaa_app_button.c.o
 .debug_macro   0x000141e3      0x2d5 _build/nrf52832_xxaa_app_error.c.o
 .debug_macro   0x000144b8       0x16 _build/nrf52832_xxaa_app_error.c.o
 .debug_macro   0x000144ce      0x2d5 _build/nrf52832_xxaa_app_error_weak.c.o
 .debug_macro   0x000147a3      0x31a _build/nrf52832_xxaa_app_timer.c.o
 .debug_macro   0x00014abd      0x256 _build/nrf52832_xxaa_app_util_platform.c.o
 .debug_macro   0x00014d13      0x2ce _build/nrf52832_xxaa_fds.c.o
 .debug_macro   0x00014fe1       0x10 _build/nrf52832_xxaa_fds.c.o
 .debug_macro   0x00014ff1       0x9c _build/nrf52832_xxaa_fds.c.o
 .debug_macro   0x0001508d       0x4d _build/nrf52832_xxaa_fds.c.o
 .debug_macro   0x000150da      0x22b _build/nrf52832_xxaa_fstorage.c.o
 .debug_macro   0x00015305       0x4f _build/nrf52832_xxaa_fstorage.c.o
 .debug_macro   0x00015354      0x27a _build/nrf52832_xxaa_boards.c.o
 .debug_macro   0x000155ce      0x414 _build/nrf52832_xxaa_nrf_drv_clock.c.o
 .debug_macro   0x000159e2       0x10 _build/nrf52832_xxaa_nrf_drv_clock.c.o
 .debug_macro   0x000159f2       0x1c _build/nrf52832_xxaa_nrf_drv_clock.c.o
 .debug_macro   0x00015a0e       0xdb _build/nrf52832_xxaa_nrf_drv_clock.c.o
 .debug_macro   0x00015ae9       0xca _build/nrf52832_xxaa_nrf_drv_clock.c.o
 .debug_macro   0x00015bb3      0x1fb _build/nrf52832_xxaa_nrf_drv_clock.c.o
 .debug_macro   0x00015dae      0x424 _build/nrf52832_xxaa_nrf_drv_clock.c.o
 .debug_macro   0x000161d2       0x40 _build/nrf52832_xxaa_nrf_drv_clock.c.o
 .debug_macro   0x00016212       0x22 _build/nrf52832_xxaa_nrf_drv_clock.c.o
 .debug_macro   0x00016234      0x1f7 _build/nrf52832_xxaa_nrf_drv_clock.c.o
 .debug_macro   0x0001642b       0x1c _build/nrf52832_xxaa_nrf_drv_clock.c.o
 .debug_macro   0x00016447       0xdc _build/nrf52832_xxaa_nrf_drv_clock.c.o
 .debug_macro   0x00016523       0x2c _build/nrf52832_xxaa_nrf_drv_clock.c.o
 .debug_macro   0x0001654f       0x10 _build/nrf52832_xxaa_nrf_drv_clock.c.o
 .debug_macro   0x0001655f       0x10 _build/nrf52832_xxaa_nrf_drv_clock.c.o
 .debug_macro   0x0001656f      0x1bf _build/nrf52832_xxaa_nrf_drv_clock.c.o
 .debug_macro   0x0001672e       0x1c _build/nrf52832_xxaa_nrf_drv_clock.c.o
 .debug_macro   0x0001674a      0x2c0 _build/nrf52832_xxaa_nrf_drv_common.c.o
 .debug_macro   0x00016a0a      0x3a2 _build/nrf52832_xxaa_nrf_drv_gpiote.c.o
 .debug_macro   0x00016dac       0x16 _build/nrf52832_xxaa_nrf_drv_gpiote.c.o
 .debug_macro   0x00016dc2      0x38f _build/nrf52832_xxaa_nrf_drv_uart.c.o
 .debug_macro   0x00017151      0x2ce _build/nrf52832_xxaa_bsp.c.o
 .debug_macro   0x0001741f      0x101 _build/nrf52832_xxaa_bsp.c.o
 .debug_macro   0x00017520      0x626 _build/nrf52832_xxaa_main.c.o
 .debug_macro   0x00017b46      0x10e _build/nrf52832_xxaa_main.c.o
 .debug_macro   0x00017c54       0x7f _build/nrf52832_xxaa_main.c.o
 .debug_macro   0x00017cd3       0x22 _build/nrf52832_xxaa_main.c.o
 .debug_macro   0x00017cf5       0xa6 _build/nrf52832_xxaa_main.c.o
 .debug_macro   0x00017d9b       0x83 _build/nrf52832_xxaa_main.c.o
 .debug_macro   0x00017e1e       0x3b _build/nrf52832_xxaa_main.c.o
 .debug_macro   0x00017e59       0x6a _build/nrf52832_xxaa_main.c.o
 .debug_macro   0x00017ec3      0x2ea _build/nrf52832_xxaa_main.c.o
 .debug_macro   0x000181ad       0x1c _build/nrf52832_xxaa_main.c.o
 .debug_macro   0x000181c9       0x16 _build/nrf52832_xxaa_main.c.o
 .debug_macro   0x000181df       0x1c _build/nrf52832_xxaa_main.c.o
 .debug_macro   0x000181fb      0x28d _build/nrf52832_xxaa_ble_advdata.c.o
 .debug_macro   0x00018488       0x64 _build/nrf52832_xxaa_ble_advdata.c.o
 .debug_macro   0x000184ec       0xe6 _build/nrf52832_xxaa_system_nrf52.c.o
 .debug_macro   0x000185d2      0x3ec _build/nrf52832_xxaa_softdevice_handler.c.o
 .debug_macro   0x000189be       0x4a _build/nrf52832_xxaa_softdevice_handler.c.o
 .debug_macro   0x00018a08       0x10 _build/nrf52832_xxaa_softdevice_handler.c.o

.debug_line     0x00000000     0xfcba
 .debug_line    0x00000000     0x104e _build/nrf52832_xxaa_bme280.c.o
 .debug_line    0x0000104e      0x90e _build/nrf52832_xxaa_spi.c.o
 .debug_line    0x0000195c      0xc23 _build/nrf52832_xxaa_nrf_drv_spi.c.o
 .debug_line    0x0000257f     0x1017 _build/nrf52832_xxaa_nrf_drv_saadc.c.o
 .debug_line    0x00003596      0x928 _build/nrf52832_xxaa_nrf_log_backend_serial.c.o
 .debug_line    0x00003ebe      0xb18 _build/nrf52832_xxaa_nrf_log_frontend.c.o
 .debug_line    0x000049d6      0x7cb _build/nrf52832_xxaa_app_button.c.o
 .debug_line    0x000051a1      0x6c6 _build/nrf52832_xxaa_app_error.c.o
 .debug_line    0x00005867      0x691 _build/nrf52832_xxaa_app_error_weak.c.o
 .debug_line    0x00005ef8      0xafe _build/nrf52832_xxaa_app_timer.c.o
 .debug_line    0x000069f6      0x5de _build/nrf52832_xxaa_app_util_platform.c.o
 .debug_line    0x00006fd4     0x1335 _build/nrf52832_xxaa_fds.c.o
 .debug_line    0x00008309      0x8f7 _build/nrf52832_xxaa_fstorage.c.o
 .debug_line    0x00008c00      0x75e _build/nrf52832_xxaa_boards.c.o
 .debug_line    0x0000935e      0xc9e _build/nrf52832_xxaa_nrf_drv_clock.c.o
 .debug_line    0x00009ffc      0x6a2 _build/nrf52832_xxaa_nrf_drv_common.c.o
 .debug_line    0x0000a69e     0x1008 _build/nrf52832_xxaa_nrf_drv_gpiote.c.o
 .debug_line    0x0000b6a6     0x120a _build/nrf52832_xxaa_nrf_drv_uart.c.o
 .debug_line    0x0000c8b0      0xa37 _build/nrf52832_xxaa_bsp.c.o
 .debug_line    0x0000d2e7      0xff1 _build/nrf52832_xxaa_main.c.o
 .debug_line    0x0000e2d8      0x9dc _build/nrf52832_xxaa_ble_advdata.c.o
 .debug_line    0x0000ecb4      0x45e _build/nrf52832_xxaa_system_nrf52.c.o
 .debug_line    0x0000f112      0xba8 _build/nrf52832_xxaa_softdevice_handler.c.o

.debug_str      0x00000000    0x7db37
 .debug_str     0x00000000    0x68be1 _build/nrf52832_xxaa_bme280.c.o
                              0x697ea (size before relaxing)
 .debug_str     0x00068be1      0x9be _build/nrf52832_xxaa_spi.c.o
                              0x68537 (size before relaxing)
 .debug_str     0x0006959f      0x9b7 _build/nrf52832_xxaa_nrf_drv_spi.c.o
                              0x67bed (size before relaxing)
 .debug_str     0x00069f56     0x1736 _build/nrf52832_xxaa_nrf_drv_saadc.c.o
                              0x67976 (size before relaxing)
 .debug_str     0x0006b68c     0x122c _build/nrf52832_xxaa_nrf_log_backend_serial.c.o
                              0x65fb4 (size before relaxing)
 .debug_str     0x0006c8b8      0x684 _build/nrf52832_xxaa_nrf_log_frontend.c.o
                              0x663dd (size before relaxing)
 .debug_str     0x0006cf3c      0x3db _build/nrf52832_xxaa_app_button.c.o
                              0x64ca6 (size before relaxing)
 .debug_str     0x0006d317      0x11b _build/nrf52832_xxaa_app_error.c.o
                              0x65d19 (size before relaxing)
 .debug_str     0x0006d432       0xe3 _build/nrf52832_xxaa_app_error_weak.c.o
                              0x65cfa (size before relaxing)
 .debug_str     0x0006d515      0x898 _build/nrf52832_xxaa_app_timer.c.o
                              0x65481 (size before relaxing)
 .debug_str     0x0006ddad      0x16a _build/nrf52832_xxaa_app_util_platform.c.o
                              0x61325 (size before relaxing)
 .debug_str     0x0006df17     0x17f6 _build/nrf52832_xxaa_fds.c.o
                              0x65bf9 (size before relaxing)
 .debug_str     0x0006f70d      0xa8b _build/nrf52832_xxaa_fstorage.c.o
                              0x6422e (size before relaxing)
 .debug_str     0x00070198      0x210 _build/nrf52832_xxaa_boards.c.o
                              0x61e88 (size before relaxing)
 .debug_str     0x000703a8     0x68c5 _build/nrf52832_xxaa_nrf_drv_clock.c.o
                              0x6cf9f (size before relaxing)
 .debug_str     0x00076c6d       0x56 _build/nrf52832_xxaa_nrf_drv_common.c.o
                              0x64e7b (size before relaxing)
 .debug_str     0x00076cc3      0xe3e _build/nrf52832_xxaa_nrf_drv_gpiote.c.o
                              0x6815b (size before relaxing)
 .debug_str     0x00077b01      0xdc9 _build/nrf52832_xxaa_nrf_drv_uart.c.o
                              0x68442 (size before relaxing)
 .debug_str     0x000788ca      0xcce _build/nrf52832_xxaa_bsp.c.o
                              0x66149 (size before relaxing)
 .debug_str     0x00079598     0x2e30 _build/nrf52832_xxaa_main.c.o
                              0x73138 (size before relaxing)
 .debug_str     0x0007c3c8      0x45e _build/nrf52832_xxaa_ble_advdata.c.o
                              0x68998 (size before relaxing)
 .debug_str     0x0007c826      0x171 _build/nrf52832_xxaa_system_nrf52.c.o
                              0x5b8b9 (size before relaxing)
 .debug_str     0x0007c997     0x11a0 _build/nrf52832_xxaa_softdevice_handler.c.o
                              0x6d7a3 (size before relaxing)
